/home/qor/urrc_hanla/.install/race_vehicle_interface/lib/python3.12/site-packages/race_vehicle_interface/measured_motion_state_node.py
/home/qor/urrc_hanla/.install/race_vehicle_interface/lib/python3.12/site-packages/race_vehicle_interface/encoder_serial_bridge_node.py
/home/qor/urrc_hanla/.install/race_vehicle_interface/lib/python3.12/site-packages/race_vehicle_interface/arduino_serial_bridge_node.py
/home/qor/urrc_hanla/.install/race_vehicle_interface/lib/python3.12/site-packages/race_vehicle_interface/serial_protocol.py
/home/qor/urrc_hanla/.install/race_vehicle_interface/lib/python3.12/site-packages/race_vehicle_interface/forward_stop_controller_node.py
/home/qor/urrc_hanla/.install/race_vehicle_interface/lib/python3.12/site-packages/race_vehicle_interface/vehicle_interface_node.py
/home/qor/urrc_hanla/.install/race_vehicle_interface/lib/python3.12/site-packages/race_vehicle_interface/__init__.py
/home/qor/urrc_hanla/.install/race_vehicle_interface/lib/python3.12/site-packages/race_vehicle_interface/encoder_protocol.py
/home/qor/urrc_hanla/.install/race_vehicle_interface/lib/python3.12/site-packages/race_vehicle_interface/command_mapping.py
/home/qor/urrc_hanla/.install/race_vehicle_interface/lib/python3.12/site-packages/race_vehicle_interface/__pycache__/measured_motion_state_node.cpython-312.pyc
/home/qor/urrc_hanla/.install/race_vehicle_interface/lib/python3.12/site-packages/race_vehicle_interface/__pycache__/encoder_serial_bridge_node.cpython-312.pyc
/home/qor/urrc_hanla/.install/race_vehicle_interface/lib/python3.12/site-packages/race_vehicle_interface/__pycache__/arduino_serial_bridge_node.cpython-312.pyc
/home/qor/urrc_hanla/.install/race_vehicle_interface/lib/python3.12/site-packages/race_vehicle_interface/__pycache__/serial_protocol.cpython-312.pyc
/home/qor/urrc_hanla/.install/race_vehicle_interface/lib/python3.12/site-packages/race_vehicle_interface/__pycache__/forward_stop_controller_node.cpython-312.pyc
/home/qor/urrc_hanla/.install/race_vehicle_interface/lib/python3.12/site-packages/race_vehicle_interface/__pycache__/vehicle_interface_node.cpython-312.pyc
/home/qor/urrc_hanla/.install/race_vehicle_interface/lib/python3.12/site-packages/race_vehicle_interface/__pycache__/__init__.cpython-312.pyc
/home/qor/urrc_hanla/.install/race_vehicle_interface/lib/python3.12/site-packages/race_vehicle_interface/__pycache__/encoder_protocol.cpython-312.pyc
/home/qor/urrc_hanla/.install/race_vehicle_interface/lib/python3.12/site-packages/race_vehicle_interface/__pycache__/command_mapping.cpython-312.pyc
/home/qor/urrc_hanla/.install/race_vehicle_interface/share/ament_index/resource_index/packages/race_vehicle_interface
/home/qor/urrc_hanla/.install/race_vehicle_interface/share/race_vehicle_interface/package.xml
/home/qor/urrc_hanla/.install/race_vehicle_interface/share/race_vehicle_interface/ARDUINO_PROTOCOL.md
/home/qor/urrc_hanla/.install/race_vehicle_interface/share/race_vehicle_interface/config/arduino_bridge.yaml
/home/qor/urrc_hanla/.install/race_vehicle_interface/share/race_vehicle_interface/config/encoder_direction.yaml
/home/qor/urrc_hanla/.install/race_vehicle_interface/share/race_vehicle_interface/config/vehicle_interface.yaml
/home/qor/urrc_hanla/.install/race_vehicle_interface/share/race_vehicle_interface/launch/camera_low_speed_test.launch.py
/home/qor/urrc_hanla/.install/race_vehicle_interface/share/race_vehicle_interface/launch/encoder_forward_stop.launch.py
/home/qor/urrc_hanla/.install/race_vehicle_interface/share/race_vehicle_interface/launch/vehicle_interface.launch.py
/home/qor/urrc_hanla/.install/race_vehicle_interface/share/race_vehicle_interface/launch/arduino_feedback.launch.py
/home/qor/urrc_hanla/.install/race_vehicle_interface/share/race_vehicle_interface/launch/vehicle_stack.launch.py
/home/qor/urrc_hanla/.install/race_vehicle_interface/share/race_vehicle_interface/launch/camera_steering_only.launch.py
/home/qor/urrc_hanla/.install/race_vehicle_interface/share/race_vehicle_interface/firmware/encoder_direction_uno/encoder_direction_uno.ino
/home/qor/urrc_hanla/.install/race_vehicle_interface/lib/python3.12/site-packages/race_vehicle_interface-0.1.0-py3.12.egg-info/zip-safe
/home/qor/urrc_hanla/.install/race_vehicle_interface/lib/python3.12/site-packages/race_vehicle_interface-0.1.0-py3.12.egg-info/requires.txt
/home/qor/urrc_hanla/.install/race_vehicle_interface/lib/python3.12/site-packages/race_vehicle_interface-0.1.0-py3.12.egg-info/PKG-INFO
/home/qor/urrc_hanla/.install/race_vehicle_interface/lib/python3.12/site-packages/race_vehicle_interface-0.1.0-py3.12.egg-info/SOURCES.txt
/home/qor/urrc_hanla/.install/race_vehicle_interface/lib/python3.12/site-packages/race_vehicle_interface-0.1.0-py3.12.egg-info/entry_points.txt
/home/qor/urrc_hanla/.install/race_vehicle_interface/lib/python3.12/site-packages/race_vehicle_interface-0.1.0-py3.12.egg-info/top_level.txt
/home/qor/urrc_hanla/.install/race_vehicle_interface/lib/python3.12/site-packages/race_vehicle_interface-0.1.0-py3.12.egg-info/dependency_links.txt
/home/qor/urrc_hanla/.install/race_vehicle_interface/lib/race_vehicle_interface/arduino_serial_bridge_node
/home/qor/urrc_hanla/.install/race_vehicle_interface/lib/race_vehicle_interface/encoder_serial_bridge_node
/home/qor/urrc_hanla/.install/race_vehicle_interface/lib/race_vehicle_interface/forward_stop_controller_node
/home/qor/urrc_hanla/.install/race_vehicle_interface/lib/race_vehicle_interface/measured_motion_state_node
/home/qor/urrc_hanla/.install/race_vehicle_interface/lib/race_vehicle_interface/vehicle_interface_node
