/home/qor/urrc_hanla/.install/imu_manager/lib/python3.12/site-packages/imu_manager/imu_calibration_node.py
/home/qor/urrc_hanla/.install/imu_manager/lib/python3.12/site-packages/imu_manager/imu_manager_node.py
/home/qor/urrc_hanla/.install/imu_manager/lib/python3.12/site-packages/imu_manager/__init__.py
/home/qor/urrc_hanla/.install/imu_manager/lib/python3.12/site-packages/imu_manager/imu_filter.py
/home/qor/urrc_hanla/.install/imu_manager/lib/python3.12/site-packages/imu_manager/__pycache__/imu_calibration_node.cpython-312.pyc
/home/qor/urrc_hanla/.install/imu_manager/lib/python3.12/site-packages/imu_manager/__pycache__/imu_manager_node.cpython-312.pyc
/home/qor/urrc_hanla/.install/imu_manager/lib/python3.12/site-packages/imu_manager/__pycache__/__init__.cpython-312.pyc
/home/qor/urrc_hanla/.install/imu_manager/lib/python3.12/site-packages/imu_manager/__pycache__/imu_filter.cpython-312.pyc
/home/qor/urrc_hanla/.install/imu_manager/share/ament_index/resource_index/packages/imu_manager
/home/qor/urrc_hanla/.install/imu_manager/share/imu_manager/package.xml
/home/qor/urrc_hanla/.install/imu_manager/share/imu_manager/README.md
/home/qor/urrc_hanla/.install/imu_manager/share/imu_manager/config/imu_manager.yaml
/home/qor/urrc_hanla/.install/imu_manager/share/imu_manager/launch/imu_manager.launch.py
/home/qor/urrc_hanla/.install/imu_manager/share/imu_manager/launch/imu_calibration.launch.py
/home/qor/urrc_hanla/.install/imu_manager/lib/python3.12/site-packages/imu_manager-0.1.0-py3.12.egg-info/zip-safe
/home/qor/urrc_hanla/.install/imu_manager/lib/python3.12/site-packages/imu_manager-0.1.0-py3.12.egg-info/requires.txt
/home/qor/urrc_hanla/.install/imu_manager/lib/python3.12/site-packages/imu_manager-0.1.0-py3.12.egg-info/PKG-INFO
/home/qor/urrc_hanla/.install/imu_manager/lib/python3.12/site-packages/imu_manager-0.1.0-py3.12.egg-info/SOURCES.txt
/home/qor/urrc_hanla/.install/imu_manager/lib/python3.12/site-packages/imu_manager-0.1.0-py3.12.egg-info/entry_points.txt
/home/qor/urrc_hanla/.install/imu_manager/lib/python3.12/site-packages/imu_manager-0.1.0-py3.12.egg-info/top_level.txt
/home/qor/urrc_hanla/.install/imu_manager/lib/python3.12/site-packages/imu_manager-0.1.0-py3.12.egg-info/dependency_links.txt
/home/qor/urrc_hanla/.install/imu_manager/lib/imu_manager/imu_calibration_node
/home/qor/urrc_hanla/.install/imu_manager/lib/imu_manager/imu_manager_node
