/home/qor/urrc_hanla/.install/camera_navigation/lib/python3.12/site-packages/camera_navigation/turn_path_generator.py
/home/qor/urrc_hanla/.install/camera_navigation/lib/python3.12/site-packages/camera_navigation/speed_planner.py
/home/qor/urrc_hanla/.install/camera_navigation/lib/python3.12/site-packages/camera_navigation/__init__.py
/home/qor/urrc_hanla/.install/camera_navigation/lib/python3.12/site-packages/camera_navigation/pure_pursuit.py
/home/qor/urrc_hanla/.install/camera_navigation/lib/python3.12/site-packages/camera_navigation/camera_path_controller_node.py
/home/qor/urrc_hanla/.install/camera_navigation/lib/python3.12/site-packages/camera_navigation/path_generator.py
/home/qor/urrc_hanla/.install/camera_navigation/lib/python3.12/site-packages/camera_navigation/path_validator.py
/home/qor/urrc_hanla/.install/camera_navigation/lib/python3.12/site-packages/camera_navigation/ros_image.py
/home/qor/urrc_hanla/.install/camera_navigation/lib/python3.12/site-packages/camera_navigation/__pycache__/turn_path_generator.cpython-312.pyc
/home/qor/urrc_hanla/.install/camera_navigation/lib/python3.12/site-packages/camera_navigation/__pycache__/speed_planner.cpython-312.pyc
/home/qor/urrc_hanla/.install/camera_navigation/lib/python3.12/site-packages/camera_navigation/__pycache__/__init__.cpython-312.pyc
/home/qor/urrc_hanla/.install/camera_navigation/lib/python3.12/site-packages/camera_navigation/__pycache__/pure_pursuit.cpython-312.pyc
/home/qor/urrc_hanla/.install/camera_navigation/lib/python3.12/site-packages/camera_navigation/__pycache__/camera_path_controller_node.cpython-312.pyc
/home/qor/urrc_hanla/.install/camera_navigation/lib/python3.12/site-packages/camera_navigation/__pycache__/path_generator.cpython-312.pyc
/home/qor/urrc_hanla/.install/camera_navigation/lib/python3.12/site-packages/camera_navigation/__pycache__/path_validator.cpython-312.pyc
/home/qor/urrc_hanla/.install/camera_navigation/lib/python3.12/site-packages/camera_navigation/__pycache__/ros_image.cpython-312.pyc
/home/qor/urrc_hanla/.install/camera_navigation/share/ament_index/resource_index/packages/camera_navigation
/home/qor/urrc_hanla/.install/camera_navigation/share/camera_navigation/package.xml
/home/qor/urrc_hanla/.install/camera_navigation/share/camera_navigation/README.md
/home/qor/urrc_hanla/.install/camera_navigation/share/camera_navigation/launch
/home/qor/urrc_hanla/.install/camera_navigation/share/camera_navigation/config
/home/qor/urrc_hanla/.install/camera_navigation/lib/python3.12/site-packages/camera_navigation-0.1.0-py3.12.egg-info/zip-safe
/home/qor/urrc_hanla/.install/camera_navigation/lib/python3.12/site-packages/camera_navigation-0.1.0-py3.12.egg-info/requires.txt
/home/qor/urrc_hanla/.install/camera_navigation/lib/python3.12/site-packages/camera_navigation-0.1.0-py3.12.egg-info/PKG-INFO
/home/qor/urrc_hanla/.install/camera_navigation/lib/python3.12/site-packages/camera_navigation-0.1.0-py3.12.egg-info/SOURCES.txt
/home/qor/urrc_hanla/.install/camera_navigation/lib/python3.12/site-packages/camera_navigation-0.1.0-py3.12.egg-info/entry_points.txt
/home/qor/urrc_hanla/.install/camera_navigation/lib/python3.12/site-packages/camera_navigation-0.1.0-py3.12.egg-info/top_level.txt
/home/qor/urrc_hanla/.install/camera_navigation/lib/python3.12/site-packages/camera_navigation-0.1.0-py3.12.egg-info/dependency_links.txt
/home/qor/urrc_hanla/.install/camera_navigation/lib/camera_navigation/camera_path_controller_node
