running egg_info
creating ../../../../.build/race_vehicle_interface/race_vehicle_interface.egg-info
writing ../../../../.build/race_vehicle_interface/race_vehicle_interface.egg-info/PKG-INFO
writing dependency_links to ../../../../.build/race_vehicle_interface/race_vehicle_interface.egg-info/dependency_links.txt
writing entry points to ../../../../.build/race_vehicle_interface/race_vehicle_interface.egg-info/entry_points.txt
writing requirements to ../../../../.build/race_vehicle_interface/race_vehicle_interface.egg-info/requires.txt
writing top-level names to ../../../../.build/race_vehicle_interface/race_vehicle_interface.egg-info/top_level.txt
writing manifest file '../../../../.build/race_vehicle_interface/race_vehicle_interface.egg-info/SOURCES.txt'
reading manifest file '../../../../.build/race_vehicle_interface/race_vehicle_interface.egg-info/SOURCES.txt'
writing manifest file '../../../../.build/race_vehicle_interface/race_vehicle_interface.egg-info/SOURCES.txt'
running build
running build_py
creating /home/qor/urrc_hanla/.build/race_vehicle_interface/build/lib/race_vehicle_interface
copying race_vehicle_interface/measured_motion_state_node.py -> /home/qor/urrc_hanla/.build/race_vehicle_interface/build/lib/race_vehicle_interface
copying race_vehicle_interface/encoder_serial_bridge_node.py -> /home/qor/urrc_hanla/.build/race_vehicle_interface/build/lib/race_vehicle_interface
copying race_vehicle_interface/arduino_serial_bridge_node.py -> /home/qor/urrc_hanla/.build/race_vehicle_interface/build/lib/race_vehicle_interface
copying race_vehicle_interface/serial_protocol.py -> /home/qor/urrc_hanla/.build/race_vehicle_interface/build/lib/race_vehicle_interface
copying race_vehicle_interface/forward_stop_controller_node.py -> /home/qor/urrc_hanla/.build/race_vehicle_interface/build/lib/race_vehicle_interface
copying race_vehicle_interface/vehicle_interface_node.py -> /home/qor/urrc_hanla/.build/race_vehicle_interface/build/lib/race_vehicle_interface
copying race_vehicle_interface/__init__.py -> /home/qor/urrc_hanla/.build/race_vehicle_interface/build/lib/race_vehicle_interface
copying race_vehicle_interface/encoder_protocol.py -> /home/qor/urrc_hanla/.build/race_vehicle_interface/build/lib/race_vehicle_interface
copying race_vehicle_interface/command_mapping.py -> /home/qor/urrc_hanla/.build/race_vehicle_interface/build/lib/race_vehicle_interface
running install
running install_lib
creating /home/qor/urrc_hanla/.install/race_vehicle_interface/lib/python3.12/site-packages/race_vehicle_interface
copying /home/qor/urrc_hanla/.build/race_vehicle_interface/build/lib/race_vehicle_interface/measured_motion_state_node.py -> /home/qor/urrc_hanla/.install/race_vehicle_interface/lib/python3.12/site-packages/race_vehicle_interface
copying /home/qor/urrc_hanla/.build/race_vehicle_interface/build/lib/race_vehicle_interface/encoder_serial_bridge_node.py -> /home/qor/urrc_hanla/.install/race_vehicle_interface/lib/python3.12/site-packages/race_vehicle_interface
copying /home/qor/urrc_hanla/.build/race_vehicle_interface/build/lib/race_vehicle_interface/arduino_serial_bridge_node.py -> /home/qor/urrc_hanla/.install/race_vehicle_interface/lib/python3.12/site-packages/race_vehicle_interface
copying /home/qor/urrc_hanla/.build/race_vehicle_interface/build/lib/race_vehicle_interface/serial_protocol.py -> /home/qor/urrc_hanla/.install/race_vehicle_interface/lib/python3.12/site-packages/race_vehicle_interface
copying /home/qor/urrc_hanla/.build/race_vehicle_interface/build/lib/race_vehicle_interface/forward_stop_controller_node.py -> /home/qor/urrc_hanla/.install/race_vehicle_interface/lib/python3.12/site-packages/race_vehicle_interface
copying /home/qor/urrc_hanla/.build/race_vehicle_interface/build/lib/race_vehicle_interface/vehicle_interface_node.py -> /home/qor/urrc_hanla/.install/race_vehicle_interface/lib/python3.12/site-packages/race_vehicle_interface
copying /home/qor/urrc_hanla/.build/race_vehicle_interface/build/lib/race_vehicle_interface/__init__.py -> /home/qor/urrc_hanla/.install/race_vehicle_interface/lib/python3.12/site-packages/race_vehicle_interface
copying /home/qor/urrc_hanla/.build/race_vehicle_interface/build/lib/race_vehicle_interface/encoder_protocol.py -> /home/qor/urrc_hanla/.install/race_vehicle_interface/lib/python3.12/site-packages/race_vehicle_interface
copying /home/qor/urrc_hanla/.build/race_vehicle_interface/build/lib/race_vehicle_interface/command_mapping.py -> /home/qor/urrc_hanla/.install/race_vehicle_interface/lib/python3.12/site-packages/race_vehicle_interface
byte-compiling /home/qor/urrc_hanla/.install/race_vehicle_interface/lib/python3.12/site-packages/race_vehicle_interface/measured_motion_state_node.py to measured_motion_state_node.cpython-312.pyc
byte-compiling /home/qor/urrc_hanla/.install/race_vehicle_interface/lib/python3.12/site-packages/race_vehicle_interface/encoder_serial_bridge_node.py to encoder_serial_bridge_node.cpython-312.pyc
byte-compiling /home/qor/urrc_hanla/.install/race_vehicle_interface/lib/python3.12/site-packages/race_vehicle_interface/arduino_serial_bridge_node.py to arduino_serial_bridge_node.cpython-312.pyc
byte-compiling /home/qor/urrc_hanla/.install/race_vehicle_interface/lib/python3.12/site-packages/race_vehicle_interface/serial_protocol.py to serial_protocol.cpython-312.pyc
byte-compiling /home/qor/urrc_hanla/.install/race_vehicle_interface/lib/python3.12/site-packages/race_vehicle_interface/forward_stop_controller_node.py to forward_stop_controller_node.cpython-312.pyc
byte-compiling /home/qor/urrc_hanla/.install/race_vehicle_interface/lib/python3.12/site-packages/race_vehicle_interface/vehicle_interface_node.py to vehicle_interface_node.cpython-312.pyc
byte-compiling /home/qor/urrc_hanla/.install/race_vehicle_interface/lib/python3.12/site-packages/race_vehicle_interface/__init__.py to __init__.cpython-312.pyc
byte-compiling /home/qor/urrc_hanla/.install/race_vehicle_interface/lib/python3.12/site-packages/race_vehicle_interface/encoder_protocol.py to encoder_protocol.cpython-312.pyc
byte-compiling /home/qor/urrc_hanla/.install/race_vehicle_interface/lib/python3.12/site-packages/race_vehicle_interface/command_mapping.py to command_mapping.cpython-312.pyc
running install_data
creating /home/qor/urrc_hanla/.install/race_vehicle_interface/share/ament_index/resource_index/packages
copying resource/race_vehicle_interface -> /home/qor/urrc_hanla/.install/race_vehicle_interface/share/ament_index/resource_index/packages
copying package.xml -> /home/qor/urrc_hanla/.install/race_vehicle_interface/share/race_vehicle_interface
copying ARDUINO_PROTOCOL.md -> /home/qor/urrc_hanla/.install/race_vehicle_interface/share/race_vehicle_interface
creating /home/qor/urrc_hanla/.install/race_vehicle_interface/share/race_vehicle_interface/config
copying config/arduino_bridge.yaml -> /home/qor/urrc_hanla/.install/race_vehicle_interface/share/race_vehicle_interface/config
copying config/encoder_direction.yaml -> /home/qor/urrc_hanla/.install/race_vehicle_interface/share/race_vehicle_interface/config
copying config/vehicle_interface.yaml -> /home/qor/urrc_hanla/.install/race_vehicle_interface/share/race_vehicle_interface/config
creating /home/qor/urrc_hanla/.install/race_vehicle_interface/share/race_vehicle_interface/launch
copying launch/camera_low_speed_test.launch.py -> /home/qor/urrc_hanla/.install/race_vehicle_interface/share/race_vehicle_interface/launch
copying launch/encoder_forward_stop.launch.py -> /home/qor/urrc_hanla/.install/race_vehicle_interface/share/race_vehicle_interface/launch
copying launch/vehicle_interface.launch.py -> /home/qor/urrc_hanla/.install/race_vehicle_interface/share/race_vehicle_interface/launch
copying launch/arduino_feedback.launch.py -> /home/qor/urrc_hanla/.install/race_vehicle_interface/share/race_vehicle_interface/launch
copying launch/vehicle_stack.launch.py -> /home/qor/urrc_hanla/.install/race_vehicle_interface/share/race_vehicle_interface/launch
copying launch/camera_steering_only.launch.py -> /home/qor/urrc_hanla/.install/race_vehicle_interface/share/race_vehicle_interface/launch
creating /home/qor/urrc_hanla/.install/race_vehicle_interface/share/race_vehicle_interface/firmware/encoder_direction_uno
copying firmware/encoder_direction_uno/encoder_direction_uno.ino -> /home/qor/urrc_hanla/.install/race_vehicle_interface/share/race_vehicle_interface/firmware/encoder_direction_uno
running install_egg_info
Copying ../../../../.build/race_vehicle_interface/race_vehicle_interface.egg-info to /home/qor/urrc_hanla/.install/race_vehicle_interface/lib/python3.12/site-packages/race_vehicle_interface-0.1.0-py3.12.egg-info
running install_scripts
Installing arduino_serial_bridge_node script to /home/qor/urrc_hanla/.install/race_vehicle_interface/lib/race_vehicle_interface
Installing encoder_serial_bridge_node script to /home/qor/urrc_hanla/.install/race_vehicle_interface/lib/race_vehicle_interface
Installing forward_stop_controller_node script to /home/qor/urrc_hanla/.install/race_vehicle_interface/lib/race_vehicle_interface
Installing measured_motion_state_node script to /home/qor/urrc_hanla/.install/race_vehicle_interface/lib/race_vehicle_interface
Installing vehicle_interface_node script to /home/qor/urrc_hanla/.install/race_vehicle_interface/lib/race_vehicle_interface
writing list of installed files to '/home/qor/urrc_hanla/.build/race_vehicle_interface/install.log'
