[1.024s] Invoking command in '/home/qor/urrc_hanla/race_autonomy/ros2_ws/src/race_vehicle_interface': DEBUGINFOD_URLS=https://debuginfod.ubuntu.com PYTHONPATH=/home/qor/urrc_hanla/.build/race_vehicle_interface/prefix_override:/usr/lib/python3/dist-packages/colcon_core/task/python/colcon_distutils_commands:/home/qor/urrc_hanla/.install/race_vehicle_interface/lib/python3.12/site-packages:${PYTHONPATH} /usr/bin/python3 -W ignore:setup.py install is deprecated -W ignore:easy_install command is deprecated setup.py egg_info --egg-base ../../../../.build/race_vehicle_interface build --build-base /home/qor/urrc_hanla/.build/race_vehicle_interface/build install --record /home/qor/urrc_hanla/.build/race_vehicle_interface/install.log --install-scripts $base/lib/race_vehicle_interface --single-version-externally-managed install_data
[1.115s] /home/qor/.local/lib/python3.12/site-packages/setuptools/_distutils/dist.py:287: UserWarning: Unknown distribution option: 'tests_require'
[1.115s]   warnings.warn(msg)
[1.173s] running egg_info
[1.183s] creating ../../../../.build/race_vehicle_interface/race_vehicle_interface.egg-info
[1.183s] writing ../../../../.build/race_vehicle_interface/race_vehicle_interface.egg-info/PKG-INFO
[1.183s] writing dependency_links to ../../../../.build/race_vehicle_interface/race_vehicle_interface.egg-info/dependency_links.txt
[1.183s] writing entry points to ../../../../.build/race_vehicle_interface/race_vehicle_interface.egg-info/entry_points.txt
[1.183s] writing requirements to ../../../../.build/race_vehicle_interface/race_vehicle_interface.egg-info/requires.txt
[1.183s] writing top-level names to ../../../../.build/race_vehicle_interface/race_vehicle_interface.egg-info/top_level.txt
[1.183s] writing manifest file '../../../../.build/race_vehicle_interface/race_vehicle_interface.egg-info/SOURCES.txt'
[1.203s] reading manifest file '../../../../.build/race_vehicle_interface/race_vehicle_interface.egg-info/SOURCES.txt'
[1.204s] writing manifest file '../../../../.build/race_vehicle_interface/race_vehicle_interface.egg-info/SOURCES.txt'
[1.204s] running build
[1.204s] running build_py
[1.204s] creating /home/qor/urrc_hanla/.build/race_vehicle_interface/build/lib/race_vehicle_interface
[1.204s] copying race_vehicle_interface/measured_motion_state_node.py -> /home/qor/urrc_hanla/.build/race_vehicle_interface/build/lib/race_vehicle_interface
[1.204s] copying race_vehicle_interface/encoder_serial_bridge_node.py -> /home/qor/urrc_hanla/.build/race_vehicle_interface/build/lib/race_vehicle_interface
[1.204s] copying race_vehicle_interface/arduino_serial_bridge_node.py -> /home/qor/urrc_hanla/.build/race_vehicle_interface/build/lib/race_vehicle_interface
[1.204s] copying race_vehicle_interface/serial_protocol.py -> /home/qor/urrc_hanla/.build/race_vehicle_interface/build/lib/race_vehicle_interface
[1.204s] copying race_vehicle_interface/forward_stop_controller_node.py -> /home/qor/urrc_hanla/.build/race_vehicle_interface/build/lib/race_vehicle_interface
[1.204s] copying race_vehicle_interface/vehicle_interface_node.py -> /home/qor/urrc_hanla/.build/race_vehicle_interface/build/lib/race_vehicle_interface
[1.204s] copying race_vehicle_interface/__init__.py -> /home/qor/urrc_hanla/.build/race_vehicle_interface/build/lib/race_vehicle_interface
[1.204s] copying race_vehicle_interface/encoder_protocol.py -> /home/qor/urrc_hanla/.build/race_vehicle_interface/build/lib/race_vehicle_interface
[1.204s] copying race_vehicle_interface/command_mapping.py -> /home/qor/urrc_hanla/.build/race_vehicle_interface/build/lib/race_vehicle_interface
[1.204s] running install
[1.207s] running install_lib
[1.216s] creating /home/qor/urrc_hanla/.install/race_vehicle_interface/lib/python3.12/site-packages/race_vehicle_interface
[1.216s] copying /home/qor/urrc_hanla/.build/race_vehicle_interface/build/lib/race_vehicle_interface/measured_motion_state_node.py -> /home/qor/urrc_hanla/.install/race_vehicle_interface/lib/python3.12/site-packages/race_vehicle_interface
[1.216s] copying /home/qor/urrc_hanla/.build/race_vehicle_interface/build/lib/race_vehicle_interface/encoder_serial_bridge_node.py -> /home/qor/urrc_hanla/.install/race_vehicle_interface/lib/python3.12/site-packages/race_vehicle_interface
[1.216s] copying /home/qor/urrc_hanla/.build/race_vehicle_interface/build/lib/race_vehicle_interface/arduino_serial_bridge_node.py -> /home/qor/urrc_hanla/.install/race_vehicle_interface/lib/python3.12/site-packages/race_vehicle_interface
[1.216s] copying /home/qor/urrc_hanla/.build/race_vehicle_interface/build/lib/race_vehicle_interface/serial_protocol.py -> /home/qor/urrc_hanla/.install/race_vehicle_interface/lib/python3.12/site-packages/race_vehicle_interface
[1.216s] copying /home/qor/urrc_hanla/.build/race_vehicle_interface/build/lib/race_vehicle_interface/forward_stop_controller_node.py -> /home/qor/urrc_hanla/.install/race_vehicle_interface/lib/python3.12/site-packages/race_vehicle_interface
[1.216s] copying /home/qor/urrc_hanla/.build/race_vehicle_interface/build/lib/race_vehicle_interface/vehicle_interface_node.py -> /home/qor/urrc_hanla/.install/race_vehicle_interface/lib/python3.12/site-packages/race_vehicle_interface
[1.216s] copying /home/qor/urrc_hanla/.build/race_vehicle_interface/build/lib/race_vehicle_interface/__init__.py -> /home/qor/urrc_hanla/.install/race_vehicle_interface/lib/python3.12/site-packages/race_vehicle_interface
[1.216s] copying /home/qor/urrc_hanla/.build/race_vehicle_interface/build/lib/race_vehicle_interface/encoder_protocol.py -> /home/qor/urrc_hanla/.install/race_vehicle_interface/lib/python3.12/site-packages/race_vehicle_interface
[1.216s] copying /home/qor/urrc_hanla/.build/race_vehicle_interface/build/lib/race_vehicle_interface/command_mapping.py -> /home/qor/urrc_hanla/.install/race_vehicle_interface/lib/python3.12/site-packages/race_vehicle_interface
[1.216s] byte-compiling /home/qor/urrc_hanla/.install/race_vehicle_interface/lib/python3.12/site-packages/race_vehicle_interface/measured_motion_state_node.py to measured_motion_state_node.cpython-312.pyc
[1.217s] byte-compiling /home/qor/urrc_hanla/.install/race_vehicle_interface/lib/python3.12/site-packages/race_vehicle_interface/encoder_serial_bridge_node.py to encoder_serial_bridge_node.cpython-312.pyc
[1.218s] byte-compiling /home/qor/urrc_hanla/.install/race_vehicle_interface/lib/python3.12/site-packages/race_vehicle_interface/arduino_serial_bridge_node.py to arduino_serial_bridge_node.cpython-312.pyc
[1.220s] byte-compiling /home/qor/urrc_hanla/.install/race_vehicle_interface/lib/python3.12/site-packages/race_vehicle_interface/serial_protocol.py to serial_protocol.cpython-312.pyc
[1.220s] byte-compiling /home/qor/urrc_hanla/.install/race_vehicle_interface/lib/python3.12/site-packages/race_vehicle_interface/forward_stop_controller_node.py to forward_stop_controller_node.cpython-312.pyc
[1.221s] byte-compiling /home/qor/urrc_hanla/.install/race_vehicle_interface/lib/python3.12/site-packages/race_vehicle_interface/vehicle_interface_node.py to vehicle_interface_node.cpython-312.pyc
[1.222s] byte-compiling /home/qor/urrc_hanla/.install/race_vehicle_interface/lib/python3.12/site-packages/race_vehicle_interface/__init__.py to __init__.cpython-312.pyc
[1.222s] byte-compiling /home/qor/urrc_hanla/.install/race_vehicle_interface/lib/python3.12/site-packages/race_vehicle_interface/encoder_protocol.py to encoder_protocol.cpython-312.pyc
[1.222s] byte-compiling /home/qor/urrc_hanla/.install/race_vehicle_interface/lib/python3.12/site-packages/race_vehicle_interface/command_mapping.py to command_mapping.cpython-312.pyc
[1.222s] running install_data
[1.222s] creating /home/qor/urrc_hanla/.install/race_vehicle_interface/share/ament_index/resource_index/packages
[1.222s] copying resource/race_vehicle_interface -> /home/qor/urrc_hanla/.install/race_vehicle_interface/share/ament_index/resource_index/packages
[1.222s] copying package.xml -> /home/qor/urrc_hanla/.install/race_vehicle_interface/share/race_vehicle_interface
[1.222s] copying ARDUINO_PROTOCOL.md -> /home/qor/urrc_hanla/.install/race_vehicle_interface/share/race_vehicle_interface
[1.222s] creating /home/qor/urrc_hanla/.install/race_vehicle_interface/share/race_vehicle_interface/config
[1.222s] copying config/arduino_bridge.yaml -> /home/qor/urrc_hanla/.install/race_vehicle_interface/share/race_vehicle_interface/config
[1.223s] copying config/encoder_direction.yaml -> /home/qor/urrc_hanla/.install/race_vehicle_interface/share/race_vehicle_interface/config
[1.223s] copying config/vehicle_interface.yaml -> /home/qor/urrc_hanla/.install/race_vehicle_interface/share/race_vehicle_interface/config
[1.223s] creating /home/qor/urrc_hanla/.install/race_vehicle_interface/share/race_vehicle_interface/launch
[1.223s] copying launch/camera_low_speed_test.launch.py -> /home/qor/urrc_hanla/.install/race_vehicle_interface/share/race_vehicle_interface/launch
[1.223s] copying launch/encoder_forward_stop.launch.py -> /home/qor/urrc_hanla/.install/race_vehicle_interface/share/race_vehicle_interface/launch
[1.223s] copying launch/vehicle_interface.launch.py -> /home/qor/urrc_hanla/.install/race_vehicle_interface/share/race_vehicle_interface/launch
[1.223s] copying launch/arduino_feedback.launch.py -> /home/qor/urrc_hanla/.install/race_vehicle_interface/share/race_vehicle_interface/launch
[1.223s] copying launch/vehicle_stack.launch.py -> /home/qor/urrc_hanla/.install/race_vehicle_interface/share/race_vehicle_interface/launch
[1.223s] copying launch/camera_steering_only.launch.py -> /home/qor/urrc_hanla/.install/race_vehicle_interface/share/race_vehicle_interface/launch
[1.223s] creating /home/qor/urrc_hanla/.install/race_vehicle_interface/share/race_vehicle_interface/firmware/encoder_direction_uno
[1.223s] copying firmware/encoder_direction_uno/encoder_direction_uno.ino -> /home/qor/urrc_hanla/.install/race_vehicle_interface/share/race_vehicle_interface/firmware/encoder_direction_uno
[1.223s] running install_egg_info
[1.233s] Copying ../../../../.build/race_vehicle_interface/race_vehicle_interface.egg-info to /home/qor/urrc_hanla/.install/race_vehicle_interface/lib/python3.12/site-packages/race_vehicle_interface-0.1.0-py3.12.egg-info
[1.233s] running install_scripts
[1.252s] Installing arduino_serial_bridge_node script to /home/qor/urrc_hanla/.install/race_vehicle_interface/lib/race_vehicle_interface
[1.252s] Installing encoder_serial_bridge_node script to /home/qor/urrc_hanla/.install/race_vehicle_interface/lib/race_vehicle_interface
[1.252s] Installing forward_stop_controller_node script to /home/qor/urrc_hanla/.install/race_vehicle_interface/lib/race_vehicle_interface
[1.252s] Installing measured_motion_state_node script to /home/qor/urrc_hanla/.install/race_vehicle_interface/lib/race_vehicle_interface
[1.252s] Installing vehicle_interface_node script to /home/qor/urrc_hanla/.install/race_vehicle_interface/lib/race_vehicle_interface
[1.253s] writing list of installed files to '/home/qor/urrc_hanla/.build/race_vehicle_interface/install.log'
[1.271s] Invoked command in '/home/qor/urrc_hanla/race_autonomy/ros2_ws/src/race_vehicle_interface' returned '0': DEBUGINFOD_URLS=https://debuginfod.ubuntu.com PYTHONPATH=/home/qor/urrc_hanla/.build/race_vehicle_interface/prefix_override:/usr/lib/python3/dist-packages/colcon_core/task/python/colcon_distutils_commands:/home/qor/urrc_hanla/.install/race_vehicle_interface/lib/python3.12/site-packages:${PYTHONPATH} /usr/bin/python3 -W ignore:setup.py install is deprecated -W ignore:easy_install command is deprecated setup.py egg_info --egg-base ../../../../.build/race_vehicle_interface build --build-base /home/qor/urrc_hanla/.build/race_vehicle_interface/build install --record /home/qor/urrc_hanla/.build/race_vehicle_interface/install.log --install-scripts $base/lib/race_vehicle_interface --single-version-externally-managed install_data
