/home/qor/urrc_hanla/.install/camera_yolo_inference/lib/python3.12/site-packages/camera_yolo_inference/stop_line_depth_node.py
/home/qor/urrc_hanla/.install/camera_yolo_inference/lib/python3.12/site-packages/camera_yolo_inference/stop_detection.py
/home/qor/urrc_hanla/.install/camera_yolo_inference/lib/python3.12/site-packages/camera_yolo_inference/model_manifest.py
/home/qor/urrc_hanla/.install/camera_yolo_inference/lib/python3.12/site-packages/camera_yolo_inference/inference_diagnostics.py
/home/qor/urrc_hanla/.install/camera_yolo_inference/lib/python3.12/site-packages/camera_yolo_inference/image_contract.py
/home/qor/urrc_hanla/.install/camera_yolo_inference/lib/python3.12/site-packages/camera_yolo_inference/__init__.py
/home/qor/urrc_hanla/.install/camera_yolo_inference/lib/python3.12/site-packages/camera_yolo_inference/class_mapper.py
/home/qor/urrc_hanla/.install/camera_yolo_inference/lib/python3.12/site-packages/camera_yolo_inference/inference_backend.py
/home/qor/urrc_hanla/.install/camera_yolo_inference/lib/python3.12/site-packages/camera_yolo_inference/detection_schema.py
/home/qor/urrc_hanla/.install/camera_yolo_inference/lib/python3.12/site-packages/camera_yolo_inference/yellow_line_depth_node.py
/home/qor/urrc_hanla/.install/camera_yolo_inference/lib/python3.12/site-packages/camera_yolo_inference/perception_outputs.py
/home/qor/urrc_hanla/.install/camera_yolo_inference/lib/python3.12/site-packages/camera_yolo_inference/mask_postprocessor.py
/home/qor/urrc_hanla/.install/camera_yolo_inference/lib/python3.12/site-packages/camera_yolo_inference/camera_yolo_inference_node.py
/home/qor/urrc_hanla/.install/camera_yolo_inference/lib/python3.12/site-packages/camera_yolo_inference/debug_renderer.py
/home/qor/urrc_hanla/.install/camera_yolo_inference/lib/python3.12/site-packages/camera_yolo_inference/ros_image.py
/home/qor/urrc_hanla/.install/camera_yolo_inference/lib/python3.12/site-packages/camera_yolo_inference/__pycache__/stop_line_depth_node.cpython-312.pyc
/home/qor/urrc_hanla/.install/camera_yolo_inference/lib/python3.12/site-packages/camera_yolo_inference/__pycache__/stop_detection.cpython-312.pyc
/home/qor/urrc_hanla/.install/camera_yolo_inference/lib/python3.12/site-packages/camera_yolo_inference/__pycache__/model_manifest.cpython-312.pyc
/home/qor/urrc_hanla/.install/camera_yolo_inference/lib/python3.12/site-packages/camera_yolo_inference/__pycache__/inference_diagnostics.cpython-312.pyc
/home/qor/urrc_hanla/.install/camera_yolo_inference/lib/python3.12/site-packages/camera_yolo_inference/__pycache__/image_contract.cpython-312.pyc
/home/qor/urrc_hanla/.install/camera_yolo_inference/lib/python3.12/site-packages/camera_yolo_inference/__pycache__/__init__.cpython-312.pyc
/home/qor/urrc_hanla/.install/camera_yolo_inference/lib/python3.12/site-packages/camera_yolo_inference/__pycache__/class_mapper.cpython-312.pyc
/home/qor/urrc_hanla/.install/camera_yolo_inference/lib/python3.12/site-packages/camera_yolo_inference/__pycache__/inference_backend.cpython-312.pyc
/home/qor/urrc_hanla/.install/camera_yolo_inference/lib/python3.12/site-packages/camera_yolo_inference/__pycache__/detection_schema.cpython-312.pyc
/home/qor/urrc_hanla/.install/camera_yolo_inference/lib/python3.12/site-packages/camera_yolo_inference/__pycache__/yellow_line_depth_node.cpython-312.pyc
/home/qor/urrc_hanla/.install/camera_yolo_inference/lib/python3.12/site-packages/camera_yolo_inference/__pycache__/perception_outputs.cpython-312.pyc
/home/qor/urrc_hanla/.install/camera_yolo_inference/lib/python3.12/site-packages/camera_yolo_inference/__pycache__/mask_postprocessor.cpython-312.pyc
/home/qor/urrc_hanla/.install/camera_yolo_inference/lib/python3.12/site-packages/camera_yolo_inference/__pycache__/camera_yolo_inference_node.cpython-312.pyc
/home/qor/urrc_hanla/.install/camera_yolo_inference/lib/python3.12/site-packages/camera_yolo_inference/__pycache__/debug_renderer.cpython-312.pyc
/home/qor/urrc_hanla/.install/camera_yolo_inference/lib/python3.12/site-packages/camera_yolo_inference/__pycache__/ros_image.cpython-312.pyc
/home/qor/urrc_hanla/.install/camera_yolo_inference/share/ament_index/resource_index/packages/camera_yolo_inference
/home/qor/urrc_hanla/.install/camera_yolo_inference/share/camera_yolo_inference/package.xml
/home/qor/urrc_hanla/.install/camera_yolo_inference/share/camera_yolo_inference/README.md
/home/qor/urrc_hanla/.install/camera_yolo_inference/share/camera_yolo_inference/config/class_manifest.yaml
/home/qor/urrc_hanla/.install/camera_yolo_inference/share/camera_yolo_inference/config/yolo_inference.yaml
/home/qor/urrc_hanla/.install/camera_yolo_inference/share/camera_yolo_inference/launch/d456_yolo_perception.launch.py
/home/qor/urrc_hanla/.install/camera_yolo_inference/share/camera_yolo_inference/launch/yolo_inference.launch.py
/home/qor/urrc_hanla/.install/camera_yolo_inference/share/camera_yolo_inference/models/hanla_yolo11n_seg_best.pt
/home/qor/urrc_hanla/.install/camera_yolo_inference/share/camera_yolo_inference/models/hanla_yolo11n_seg_best.engine
/home/qor/urrc_hanla/.install/camera_yolo_inference/share/camera_yolo_inference/models/hanla_yolo11n_seg_best.engine.json
/home/qor/urrc_hanla/.install/camera_yolo_inference/share/camera_yolo_inference/tools/validate_mask_aggregation.py
/home/qor/urrc_hanla/.install/camera_yolo_inference/share/camera_yolo_inference/tools/benchmark_backends.py
/home/qor/urrc_hanla/.install/camera_yolo_inference/share/camera_yolo_inference/tools/export_tensorrt_engine.py
/home/qor/urrc_hanla/.install/camera_yolo_inference/lib/python3.12/site-packages/camera_yolo_inference-0.1.0-py3.12.egg-info/zip-safe
/home/qor/urrc_hanla/.install/camera_yolo_inference/lib/python3.12/site-packages/camera_yolo_inference-0.1.0-py3.12.egg-info/requires.txt
/home/qor/urrc_hanla/.install/camera_yolo_inference/lib/python3.12/site-packages/camera_yolo_inference-0.1.0-py3.12.egg-info/PKG-INFO
/home/qor/urrc_hanla/.install/camera_yolo_inference/lib/python3.12/site-packages/camera_yolo_inference-0.1.0-py3.12.egg-info/SOURCES.txt
/home/qor/urrc_hanla/.install/camera_yolo_inference/lib/python3.12/site-packages/camera_yolo_inference-0.1.0-py3.12.egg-info/entry_points.txt
/home/qor/urrc_hanla/.install/camera_yolo_inference/lib/python3.12/site-packages/camera_yolo_inference-0.1.0-py3.12.egg-info/top_level.txt
/home/qor/urrc_hanla/.install/camera_yolo_inference/lib/python3.12/site-packages/camera_yolo_inference-0.1.0-py3.12.egg-info/dependency_links.txt
/home/qor/urrc_hanla/.install/camera_yolo_inference/lib/camera_yolo_inference/camera_yolo_inference_node
/home/qor/urrc_hanla/.install/camera_yolo_inference/lib/camera_yolo_inference/stop_line_depth_node
/home/qor/urrc_hanla/.install/camera_yolo_inference/lib/camera_yolo_inference/yellow_line_depth_node
