/home/qor/urrc_hanla/.install/race_control/lib/python3.12/site-packages/race_control/course_mission_node.py
/home/qor/urrc_hanla/.install/race_control/lib/python3.12/site-packages/race_control/course_mission.py
/home/qor/urrc_hanla/.install/race_control/lib/python3.12/site-packages/race_control/__init__.py
/home/qor/urrc_hanla/.install/race_control/lib/python3.12/site-packages/race_control/pure_pursuit.py
/home/qor/urrc_hanla/.install/race_control/lib/python3.12/site-packages/race_control/gazebo_command_adapter_node.py
/home/qor/urrc_hanla/.install/race_control/lib/python3.12/site-packages/race_control/autonomy_output_node.py
/home/qor/urrc_hanla/.install/race_control/lib/python3.12/site-packages/race_control/pure_pursuit_node.py
/home/qor/urrc_hanla/.install/race_control/lib/python3.12/site-packages/race_control/__pycache__/course_mission_node.cpython-312.pyc
/home/qor/urrc_hanla/.install/race_control/lib/python3.12/site-packages/race_control/__pycache__/course_mission.cpython-312.pyc
/home/qor/urrc_hanla/.install/race_control/lib/python3.12/site-packages/race_control/__pycache__/__init__.cpython-312.pyc
/home/qor/urrc_hanla/.install/race_control/lib/python3.12/site-packages/race_control/__pycache__/pure_pursuit.cpython-312.pyc
/home/qor/urrc_hanla/.install/race_control/lib/python3.12/site-packages/race_control/__pycache__/gazebo_command_adapter_node.cpython-312.pyc
/home/qor/urrc_hanla/.install/race_control/lib/python3.12/site-packages/race_control/__pycache__/autonomy_output_node.cpython-312.pyc
/home/qor/urrc_hanla/.install/race_control/lib/python3.12/site-packages/race_control/__pycache__/pure_pursuit_node.cpython-312.pyc
/home/qor/urrc_hanla/.install/race_control/share/ament_index/resource_index/packages/race_control
/home/qor/urrc_hanla/.install/race_control/share/race_control/package.xml
/home/qor/urrc_hanla/.install/race_control/share/race_control/launch/camera_pure_pursuit.launch.py
/home/qor/urrc_hanla/.install/race_control/share/race_control/launch/autonomy_output.launch.py
/home/qor/urrc_hanla/.install/race_control/share/race_control/launch/pure_pursuit.launch.py
/home/qor/urrc_hanla/.install/race_control/share/race_control/launch/course_autonomy.launch.py
/home/qor/urrc_hanla/.install/race_control/share/race_control/launch/course_mission.launch.py
/home/qor/urrc_hanla/.install/race_control/share/race_control/launch/autonomy_stack.launch.py
/home/qor/urrc_hanla/.install/race_control/share/race_control/config/course_mission.yaml
/home/qor/urrc_hanla/.install/race_control/share/race_control/config/autonomy_output.yaml
/home/qor/urrc_hanla/.install/race_control/share/race_control/config/pure_pursuit.yaml
/home/qor/urrc_hanla/.install/race_control/lib/python3.12/site-packages/race_control-0.1.0-py3.12.egg-info/zip-safe
/home/qor/urrc_hanla/.install/race_control/lib/python3.12/site-packages/race_control-0.1.0-py3.12.egg-info/requires.txt
/home/qor/urrc_hanla/.install/race_control/lib/python3.12/site-packages/race_control-0.1.0-py3.12.egg-info/PKG-INFO
/home/qor/urrc_hanla/.install/race_control/lib/python3.12/site-packages/race_control-0.1.0-py3.12.egg-info/SOURCES.txt
/home/qor/urrc_hanla/.install/race_control/lib/python3.12/site-packages/race_control-0.1.0-py3.12.egg-info/entry_points.txt
/home/qor/urrc_hanla/.install/race_control/lib/python3.12/site-packages/race_control-0.1.0-py3.12.egg-info/top_level.txt
/home/qor/urrc_hanla/.install/race_control/lib/python3.12/site-packages/race_control-0.1.0-py3.12.egg-info/dependency_links.txt
/home/qor/urrc_hanla/.install/race_control/lib/race_control/autonomy_output
/home/qor/urrc_hanla/.install/race_control/lib/race_control/course_mission
/home/qor/urrc_hanla/.install/race_control/lib/race_control/gazebo_command_adapter
/home/qor/urrc_hanla/.install/race_control/lib/race_control/pure_pursuit
