/home/qor/urrc_hanla/.install/race_perception/lib/python3.12/site-packages/race_perception/yolo_camera_node.py
/home/qor/urrc_hanla/.install/race_perception/lib/python3.12/site-packages/race_perception/lane_center_node.py
/home/qor/urrc_hanla/.install/race_perception/lib/python3.12/site-packages/race_perception/traffic_light_color.py
/home/qor/urrc_hanla/.install/race_perception/lib/python3.12/site-packages/race_perception/__init__.py
/home/qor/urrc_hanla/.install/race_perception/lib/python3.12/site-packages/race_perception/traffic_light_color_node.py
/home/qor/urrc_hanla/.install/race_perception/lib/python3.12/site-packages/race_perception/segmentation_path.py
/home/qor/urrc_hanla/.install/race_perception/lib/python3.12/site-packages/race_perception/__pycache__/yolo_camera_node.cpython-312.pyc
/home/qor/urrc_hanla/.install/race_perception/lib/python3.12/site-packages/race_perception/__pycache__/lane_center_node.cpython-312.pyc
/home/qor/urrc_hanla/.install/race_perception/lib/python3.12/site-packages/race_perception/__pycache__/traffic_light_color.cpython-312.pyc
/home/qor/urrc_hanla/.install/race_perception/lib/python3.12/site-packages/race_perception/__pycache__/__init__.cpython-312.pyc
/home/qor/urrc_hanla/.install/race_perception/lib/python3.12/site-packages/race_perception/__pycache__/traffic_light_color_node.cpython-312.pyc
/home/qor/urrc_hanla/.install/race_perception/lib/python3.12/site-packages/race_perception/__pycache__/segmentation_path.cpython-312.pyc
/home/qor/urrc_hanla/.install/race_perception/share/ament_index/resource_index/packages/race_perception
/home/qor/urrc_hanla/.install/race_perception/share/race_perception/package.xml
/home/qor/urrc_hanla/.install/race_perception/share/race_perception/launch/yolo_camera.launch.py
/home/qor/urrc_hanla/.install/race_perception/share/race_perception/launch/traffic_light_color.launch.py
/home/qor/urrc_hanla/.install/race_perception/share/race_perception/launch/path_following.launch.py
/home/qor/urrc_hanla/.install/race_perception/share/race_perception/launch/lane_center.launch.py
/home/qor/urrc_hanla/.install/race_perception/share/race_perception/config/pure_pursuit.yaml
/home/qor/urrc_hanla/.install/race_perception/share/race_perception/config/lane_center.yaml
/home/qor/urrc_hanla/.install/race_perception/share/race_perception/config/yolo_camera.yaml
/home/qor/urrc_hanla/.install/race_perception/share/race_perception/config/traffic_light_color.yaml
/home/qor/urrc_hanla/.install/race_perception/lib/python3.12/site-packages/race_perception-0.1.0-py3.12.egg-info/zip-safe
/home/qor/urrc_hanla/.install/race_perception/lib/python3.12/site-packages/race_perception-0.1.0-py3.12.egg-info/requires.txt
/home/qor/urrc_hanla/.install/race_perception/lib/python3.12/site-packages/race_perception-0.1.0-py3.12.egg-info/PKG-INFO
/home/qor/urrc_hanla/.install/race_perception/lib/python3.12/site-packages/race_perception-0.1.0-py3.12.egg-info/SOURCES.txt
/home/qor/urrc_hanla/.install/race_perception/lib/python3.12/site-packages/race_perception-0.1.0-py3.12.egg-info/entry_points.txt
/home/qor/urrc_hanla/.install/race_perception/lib/python3.12/site-packages/race_perception-0.1.0-py3.12.egg-info/top_level.txt
/home/qor/urrc_hanla/.install/race_perception/lib/python3.12/site-packages/race_perception-0.1.0-py3.12.egg-info/dependency_links.txt
/home/qor/urrc_hanla/.install/race_perception/lib/race_perception/lane_center
/home/qor/urrc_hanla/.install/race_perception/lib/race_perception/traffic_light_color
/home/qor/urrc_hanla/.install/race_perception/lib/race_perception/yolo_camera
