/home/qor/.local/lib/python3.12/site-packages/setuptools/_distutils/dist.py:287: UserWarning: Unknown distribution option: 'tests_require'
  warnings.warn(msg)
running egg_info
creating ../../../../.build/imu_manager/imu_manager.egg-info
writing ../../../../.build/imu_manager/imu_manager.egg-info/PKG-INFO
writing dependency_links to ../../../../.build/imu_manager/imu_manager.egg-info/dependency_links.txt
writing entry points to ../../../../.build/imu_manager/imu_manager.egg-info/entry_points.txt
writing requirements to ../../../../.build/imu_manager/imu_manager.egg-info/requires.txt
writing top-level names to ../../../../.build/imu_manager/imu_manager.egg-info/top_level.txt
writing manifest file '../../../../.build/imu_manager/imu_manager.egg-info/SOURCES.txt'
reading manifest file '../../../../.build/imu_manager/imu_manager.egg-info/SOURCES.txt'
writing manifest file '../../../../.build/imu_manager/imu_manager.egg-info/SOURCES.txt'
running build
running build_py
creating /home/qor/urrc_hanla/.build/imu_manager/build/lib/imu_manager
copying imu_manager/imu_calibration_node.py -> /home/qor/urrc_hanla/.build/imu_manager/build/lib/imu_manager
copying imu_manager/imu_manager_node.py -> /home/qor/urrc_hanla/.build/imu_manager/build/lib/imu_manager
copying imu_manager/__init__.py -> /home/qor/urrc_hanla/.build/imu_manager/build/lib/imu_manager
copying imu_manager/imu_filter.py -> /home/qor/urrc_hanla/.build/imu_manager/build/lib/imu_manager
running install
running install_lib
creating /home/qor/urrc_hanla/.install/imu_manager/lib/python3.12/site-packages/imu_manager
copying /home/qor/urrc_hanla/.build/imu_manager/build/lib/imu_manager/imu_calibration_node.py -> /home/qor/urrc_hanla/.install/imu_manager/lib/python3.12/site-packages/imu_manager
copying /home/qor/urrc_hanla/.build/imu_manager/build/lib/imu_manager/imu_manager_node.py -> /home/qor/urrc_hanla/.install/imu_manager/lib/python3.12/site-packages/imu_manager
copying /home/qor/urrc_hanla/.build/imu_manager/build/lib/imu_manager/__init__.py -> /home/qor/urrc_hanla/.install/imu_manager/lib/python3.12/site-packages/imu_manager
copying /home/qor/urrc_hanla/.build/imu_manager/build/lib/imu_manager/imu_filter.py -> /home/qor/urrc_hanla/.install/imu_manager/lib/python3.12/site-packages/imu_manager
byte-compiling /home/qor/urrc_hanla/.install/imu_manager/lib/python3.12/site-packages/imu_manager/imu_calibration_node.py to imu_calibration_node.cpython-312.pyc
byte-compiling /home/qor/urrc_hanla/.install/imu_manager/lib/python3.12/site-packages/imu_manager/imu_manager_node.py to imu_manager_node.cpython-312.pyc
byte-compiling /home/qor/urrc_hanla/.install/imu_manager/lib/python3.12/site-packages/imu_manager/__init__.py to __init__.cpython-312.pyc
byte-compiling /home/qor/urrc_hanla/.install/imu_manager/lib/python3.12/site-packages/imu_manager/imu_filter.py to imu_filter.cpython-312.pyc
running install_data
creating /home/qor/urrc_hanla/.install/imu_manager/share/ament_index/resource_index/packages
copying resource/imu_manager -> /home/qor/urrc_hanla/.install/imu_manager/share/ament_index/resource_index/packages
copying package.xml -> /home/qor/urrc_hanla/.install/imu_manager/share/imu_manager
copying README.md -> /home/qor/urrc_hanla/.install/imu_manager/share/imu_manager
creating /home/qor/urrc_hanla/.install/imu_manager/share/imu_manager/config
copying config/imu_manager.yaml -> /home/qor/urrc_hanla/.install/imu_manager/share/imu_manager/config
creating /home/qor/urrc_hanla/.install/imu_manager/share/imu_manager/launch
copying launch/imu_manager.launch.py -> /home/qor/urrc_hanla/.install/imu_manager/share/imu_manager/launch
copying launch/imu_calibration.launch.py -> /home/qor/urrc_hanla/.install/imu_manager/share/imu_manager/launch
running install_egg_info
Copying ../../../../.build/imu_manager/imu_manager.egg-info to /home/qor/urrc_hanla/.install/imu_manager/lib/python3.12/site-packages/imu_manager-0.1.0-py3.12.egg-info
running install_scripts
Installing imu_calibration_node script to /home/qor/urrc_hanla/.install/imu_manager/lib/imu_manager
Installing imu_manager_node script to /home/qor/urrc_hanla/.install/imu_manager/lib/imu_manager
writing list of installed files to '/home/qor/urrc_hanla/.build/imu_manager/install.log'
