[0.473s] Invoking command in '/home/qor/urrc_hanla/race_autonomy/ros2_ws/src/race_control': AMENT_PREFIX_PATH=/home/qor/urrc_hanla/.install/race_vehicle_interface:/home/qor/urrc_hanla/.install/race_perception:/home/qor/urrc_hanla/.install/race_interfaces:/home/qor/urrc_hanla/.install/gazebo_car_description:${AMENT_PREFIX_PATH} CMAKE_PREFIX_PATH=/home/qor/urrc_hanla/.install/race_interfaces:/home/qor/urrc_hanla/.install/gazebo_car_description:${CMAKE_PREFIX_PATH} DEBUGINFOD_URLS=https://debuginfod.ubuntu.com LD_LIBRARY_PATH=/home/qor/urrc_hanla/.install/race_interfaces/lib:${LD_LIBRARY_PATH} PYTHONPATH=/home/qor/urrc_hanla/.build/race_control/prefix_override:/usr/lib/python3/dist-packages/colcon_core/task/python/colcon_distutils_commands:/home/qor/urrc_hanla/.install/race_control/lib/python3.12/site-packages:/home/qor/urrc_hanla/.install/race_vehicle_interface/lib/python3.12/site-packages:/home/qor/urrc_hanla/.install/race_perception/lib/python3.12/site-packages:/home/qor/urrc_hanla/.install/race_interfaces/lib/python3.12/site-packages:${PYTHONPATH} /usr/bin/python3 -W ignore:setup.py install is deprecated -W ignore:easy_install command is deprecated setup.py egg_info --egg-base ../../../../.build/race_control build --build-base /home/qor/urrc_hanla/.build/race_control/build install --record /home/qor/urrc_hanla/.build/race_control/install.log --install-scripts $base/lib/race_control --single-version-externally-managed install_data
[0.556s] /home/qor/.local/lib/python3.12/site-packages/setuptools/_distutils/dist.py:287: UserWarning: Unknown distribution option: 'tests_require'
[0.556s]   warnings.warn(msg)
[0.611s] running egg_info
[0.619s] creating ../../../../.build/race_control/race_control.egg-info
[0.619s] writing ../../../../.build/race_control/race_control.egg-info/PKG-INFO
[0.620s] writing dependency_links to ../../../../.build/race_control/race_control.egg-info/dependency_links.txt
[0.620s] writing entry points to ../../../../.build/race_control/race_control.egg-info/entry_points.txt
[0.620s] writing requirements to ../../../../.build/race_control/race_control.egg-info/requires.txt
[0.620s] writing top-level names to ../../../../.build/race_control/race_control.egg-info/top_level.txt
[0.620s] writing manifest file '../../../../.build/race_control/race_control.egg-info/SOURCES.txt'
[0.639s] reading manifest file '../../../../.build/race_control/race_control.egg-info/SOURCES.txt'
[0.639s] writing manifest file '../../../../.build/race_control/race_control.egg-info/SOURCES.txt'
[0.639s] running build
[0.639s] running build_py
[0.639s] creating /home/qor/urrc_hanla/.build/race_control/build/lib/race_control
[0.639s] copying race_control/course_mission_node.py -> /home/qor/urrc_hanla/.build/race_control/build/lib/race_control
[0.640s] copying race_control/course_mission.py -> /home/qor/urrc_hanla/.build/race_control/build/lib/race_control
[0.640s] copying race_control/__init__.py -> /home/qor/urrc_hanla/.build/race_control/build/lib/race_control
[0.640s] copying race_control/pure_pursuit.py -> /home/qor/urrc_hanla/.build/race_control/build/lib/race_control
[0.640s] copying race_control/gazebo_command_adapter_node.py -> /home/qor/urrc_hanla/.build/race_control/build/lib/race_control
[0.640s] copying race_control/autonomy_output_node.py -> /home/qor/urrc_hanla/.build/race_control/build/lib/race_control
[0.640s] copying race_control/pure_pursuit_node.py -> /home/qor/urrc_hanla/.build/race_control/build/lib/race_control
[0.640s] running install
[0.642s] running install_lib
[0.652s] creating /home/qor/urrc_hanla/.install/race_control/lib/python3.12/site-packages/race_control
[0.652s] copying /home/qor/urrc_hanla/.build/race_control/build/lib/race_control/course_mission_node.py -> /home/qor/urrc_hanla/.install/race_control/lib/python3.12/site-packages/race_control
[0.652s] copying /home/qor/urrc_hanla/.build/race_control/build/lib/race_control/course_mission.py -> /home/qor/urrc_hanla/.install/race_control/lib/python3.12/site-packages/race_control
[0.652s] copying /home/qor/urrc_hanla/.build/race_control/build/lib/race_control/__init__.py -> /home/qor/urrc_hanla/.install/race_control/lib/python3.12/site-packages/race_control
[0.652s] copying /home/qor/urrc_hanla/.build/race_control/build/lib/race_control/pure_pursuit.py -> /home/qor/urrc_hanla/.install/race_control/lib/python3.12/site-packages/race_control
[0.652s] copying /home/qor/urrc_hanla/.build/race_control/build/lib/race_control/gazebo_command_adapter_node.py -> /home/qor/urrc_hanla/.install/race_control/lib/python3.12/site-packages/race_control
[0.652s] copying /home/qor/urrc_hanla/.build/race_control/build/lib/race_control/autonomy_output_node.py -> /home/qor/urrc_hanla/.install/race_control/lib/python3.12/site-packages/race_control
[0.652s] copying /home/qor/urrc_hanla/.build/race_control/build/lib/race_control/pure_pursuit_node.py -> /home/qor/urrc_hanla/.install/race_control/lib/python3.12/site-packages/race_control
[0.652s] byte-compiling /home/qor/urrc_hanla/.install/race_control/lib/python3.12/site-packages/race_control/course_mission_node.py to course_mission_node.cpython-312.pyc
[0.653s] byte-compiling /home/qor/urrc_hanla/.install/race_control/lib/python3.12/site-packages/race_control/course_mission.py to course_mission.cpython-312.pyc
[0.653s] byte-compiling /home/qor/urrc_hanla/.install/race_control/lib/python3.12/site-packages/race_control/__init__.py to __init__.cpython-312.pyc
[0.653s] byte-compiling /home/qor/urrc_hanla/.install/race_control/lib/python3.12/site-packages/race_control/pure_pursuit.py to pure_pursuit.cpython-312.pyc
[0.654s] byte-compiling /home/qor/urrc_hanla/.install/race_control/lib/python3.12/site-packages/race_control/gazebo_command_adapter_node.py to gazebo_command_adapter_node.cpython-312.pyc
[0.654s] byte-compiling /home/qor/urrc_hanla/.install/race_control/lib/python3.12/site-packages/race_control/autonomy_output_node.py to autonomy_output_node.cpython-312.pyc
[0.655s] byte-compiling /home/qor/urrc_hanla/.install/race_control/lib/python3.12/site-packages/race_control/pure_pursuit_node.py to pure_pursuit_node.cpython-312.pyc
[0.656s] running install_data
[0.656s] creating /home/qor/urrc_hanla/.install/race_control/share/ament_index/resource_index/packages
[0.656s] copying resource/race_control -> /home/qor/urrc_hanla/.install/race_control/share/ament_index/resource_index/packages
[0.656s] copying package.xml -> /home/qor/urrc_hanla/.install/race_control/share/race_control
[0.656s] creating /home/qor/urrc_hanla/.install/race_control/share/race_control/launch
[0.656s] copying launch/camera_pure_pursuit.launch.py -> /home/qor/urrc_hanla/.install/race_control/share/race_control/launch
[0.657s] copying launch/autonomy_output.launch.py -> /home/qor/urrc_hanla/.install/race_control/share/race_control/launch
[0.657s] copying launch/pure_pursuit.launch.py -> /home/qor/urrc_hanla/.install/race_control/share/race_control/launch
[0.657s] copying launch/course_autonomy.launch.py -> /home/qor/urrc_hanla/.install/race_control/share/race_control/launch
[0.657s] copying launch/course_mission.launch.py -> /home/qor/urrc_hanla/.install/race_control/share/race_control/launch
[0.657s] copying launch/autonomy_stack.launch.py -> /home/qor/urrc_hanla/.install/race_control/share/race_control/launch
[0.657s] creating /home/qor/urrc_hanla/.install/race_control/share/race_control/config
[0.657s] copying config/course_mission.yaml -> /home/qor/urrc_hanla/.install/race_control/share/race_control/config
[0.657s] copying config/autonomy_output.yaml -> /home/qor/urrc_hanla/.install/race_control/share/race_control/config
[0.657s] copying config/pure_pursuit.yaml -> /home/qor/urrc_hanla/.install/race_control/share/race_control/config
[0.657s] running install_egg_info
[0.666s] Copying ../../../../.build/race_control/race_control.egg-info to /home/qor/urrc_hanla/.install/race_control/lib/python3.12/site-packages/race_control-0.1.0-py3.12.egg-info
[0.666s] running install_scripts
[0.685s] Installing autonomy_output script to /home/qor/urrc_hanla/.install/race_control/lib/race_control
[0.685s] Installing course_mission script to /home/qor/urrc_hanla/.install/race_control/lib/race_control
[0.685s] Installing gazebo_command_adapter script to /home/qor/urrc_hanla/.install/race_control/lib/race_control
[0.685s] Installing pure_pursuit script to /home/qor/urrc_hanla/.install/race_control/lib/race_control
[0.685s] writing list of installed files to '/home/qor/urrc_hanla/.build/race_control/install.log'
[0.698s] Invoked command in '/home/qor/urrc_hanla/race_autonomy/ros2_ws/src/race_control' returned '0': AMENT_PREFIX_PATH=/home/qor/urrc_hanla/.install/race_vehicle_interface:/home/qor/urrc_hanla/.install/race_perception:/home/qor/urrc_hanla/.install/race_interfaces:/home/qor/urrc_hanla/.install/gazebo_car_description:${AMENT_PREFIX_PATH} CMAKE_PREFIX_PATH=/home/qor/urrc_hanla/.install/race_interfaces:/home/qor/urrc_hanla/.install/gazebo_car_description:${CMAKE_PREFIX_PATH} DEBUGINFOD_URLS=https://debuginfod.ubuntu.com LD_LIBRARY_PATH=/home/qor/urrc_hanla/.install/race_interfaces/lib:${LD_LIBRARY_PATH} PYTHONPATH=/home/qor/urrc_hanla/.build/race_control/prefix_override:/usr/lib/python3/dist-packages/colcon_core/task/python/colcon_distutils_commands:/home/qor/urrc_hanla/.install/race_control/lib/python3.12/site-packages:/home/qor/urrc_hanla/.install/race_vehicle_interface/lib/python3.12/site-packages:/home/qor/urrc_hanla/.install/race_perception/lib/python3.12/site-packages:/home/qor/urrc_hanla/.install/race_interfaces/lib/python3.12/site-packages:${PYTHONPATH} /usr/bin/python3 -W ignore:setup.py install is deprecated -W ignore:easy_install command is deprecated setup.py egg_info --egg-base ../../../../.build/race_control build --build-base /home/qor/urrc_hanla/.build/race_control/build install --record /home/qor/urrc_hanla/.build/race_control/install.log --install-scripts $base/lib/race_control --single-version-externally-managed install_data
