-- The C compiler identification is GNU 13.3.0
-- The CXX compiler identification is GNU 13.3.0
-- Detecting C compiler ABI info
-- Detecting C compiler ABI info - done
-- Check for working C compiler: /usr/bin/cc - skipped
-- Detecting C compile features
-- Detecting C compile features - done
-- Detecting CXX compiler ABI info
-- Detecting CXX compiler ABI info - done
-- Check for working CXX compiler: /usr/bin/c++ - skipped
-- Detecting CXX compile features
-- Detecting CXX compile features - done
-- Found ament_cmake: 2.5.6 (/opt/ros/jazzy/share/ament_cmake/cmake)
-- Found Python3: /usr/bin/python3 (found version "3.12.3") found components: Interpreter 
-- Override CMake install command with custom implementation using symlinks instead of copying resources
-- Found rosidl_default_generators: 1.6.1 (/opt/ros/jazzy/share/rosidl_default_generators/cmake)
-- Using all available rosidl_typesupport_c: rosidl_typesupport_fastrtps_c;rosidl_typesupport_introspection_c
-- Using all available rosidl_typesupport_cpp: rosidl_typesupport_fastrtps_cpp;rosidl_typesupport_introspection_cpp
-- Found rosidl_adapter: 4.6.9 (/opt/ros/jazzy/share/rosidl_adapter/cmake)
-- Found std_msgs: 5.3.8 (/opt/ros/jazzy/share/std_msgs/cmake)
-- Found nav_msgs: 5.3.8 (/opt/ros/jazzy/share/nav_msgs/cmake)
-- Found ament_cmake_ros: 0.12.1 (/opt/ros/jazzy/share/ament_cmake_ros/cmake)
-- Using all available rosidl_typesupport_c: rosidl_typesupport_fastrtps_c;rosidl_typesupport_introspection_c
-- Using all available rosidl_typesupport_cpp: rosidl_typesupport_fastrtps_cpp;rosidl_typesupport_introspection_cpp
-- Found python_cmake_module: 0.11.1 (/opt/ros/jazzy/share/python_cmake_module/cmake)
-- Found PythonExtra: /usr/bin/python3  
-- Found Python3: /usr/bin/python3 (found version "3.12.3") found components: Interpreter Development NumPy Development.Module Development.Embed 
-- Found Python3: /usr/bin/python3 (found version "3.12.3") found components: Interpreter 
-- Configuring done (2.3s)
-- Generating done (0.0s)
-- Build files have been written to: /home/qor/urrc_hanla/.build/race_interfaces
[  2%] Generating type hashes for ROS interfaces
[  4%] Generating Rust code for ROS interfaces
[  4%] Built target ament_cmake_python_symlink_race_interfaces
[  4%] Built target race_interfaces__rosidl_generator_type_description
[  4%] Built target race_interfaces__rs
[  6%] Generating C code for ROS interfaces
running egg_info
[  8%] Generating C++ code for ROS interfaces
creating race_interfaces.egg-info
writing race_interfaces.egg-info/PKG-INFO
writing dependency_links to race_interfaces.egg-info/dependency_links.txt
writing top-level names to race_interfaces.egg-info/top_level.txt
writing manifest file 'race_interfaces.egg-info/SOURCES.txt'
reading manifest file 'race_interfaces.egg-info/SOURCES.txt'
writing manifest file 'race_interfaces.egg-info/SOURCES.txt'
[  8%] Built target ament_cmake_python_build_race_interfaces_egg
[ 13%] Building C object CMakeFiles/race_interfaces__rosidl_generator_c.dir/rosidl_generator_c/race_interfaces/msg/detail/autonomy_observation__type_support.c.o
[ 13%] Building C object CMakeFiles/race_interfaces__rosidl_generator_c.dir/rosidl_generator_c/race_interfaces/msg/detail/autonomy_observation__description.c.o
[ 15%] Building C object CMakeFiles/race_interfaces__rosidl_generator_c.dir/rosidl_generator_c/race_interfaces/msg/detail/path_state__type_support.c.o
[ 17%] Building C object CMakeFiles/race_interfaces__rosidl_generator_c.dir/rosidl_generator_c/race_interfaces/msg/detail/autonomy_observation__functions.c.o
[ 20%] Building C object CMakeFiles/race_interfaces__rosidl_generator_c.dir/rosidl_generator_c/race_interfaces/msg/detail/path_state__description.c.o
[ 22%] Building C object CMakeFiles/race_interfaces__rosidl_generator_c.dir/rosidl_generator_c/race_interfaces/msg/detail/path_state__functions.c.o
[ 22%] Built target race_interfaces__cpp
[ 24%] Linking C shared library librace_interfaces__rosidl_generator_c.so
[ 24%] Built target race_interfaces__rosidl_generator_c
[ 26%] Generating C type support dispatch for ROS interfaces
[ 28%] Generating C type support for eProsima Fast-RTPS
[ 31%] Generating C++ introspection for ROS interfaces
[ 33%] Generating C introspection for ROS interfaces
[ 35%] Generating C++ type support dispatch for ROS interfaces
[ 37%] Generating C++ type support for eProsima Fast-RTPS
[ 46%] Building CXX object CMakeFiles/race_interfaces__rosidl_typesupport_introspection_cpp.dir/rosidl_typesupport_introspection_cpp/race_interfaces/msg/detail/path_state__type_support.cpp.o
[ 46%] Building CXX object CMakeFiles/race_interfaces__rosidl_typesupport_introspection_cpp.dir/rosidl_typesupport_introspection_cpp/race_interfaces/msg/detail/autonomy_observation__type_support.cpp.o
[ 46%] Building CXX object CMakeFiles/race_interfaces__rosidl_typesupport_cpp.dir/rosidl_typesupport_cpp/race_interfaces/msg/autonomy_observation__type_support.cpp.o
[ 46%] Building CXX object CMakeFiles/race_interfaces__rosidl_typesupport_cpp.dir/rosidl_typesupport_cpp/race_interfaces/msg/path_state__type_support.cpp.o
[ 51%] Building CXX object CMakeFiles/race_interfaces__rosidl_typesupport_c.dir/rosidl_typesupport_c/race_interfaces/msg/autonomy_observation__type_support.cpp.o
[ 51%] Building CXX object CMakeFiles/race_interfaces__rosidl_typesupport_c.dir/rosidl_typesupport_c/race_interfaces/msg/path_state__type_support.cpp.o
[ 55%] Building C object CMakeFiles/race_interfaces__rosidl_typesupport_introspection_c.dir/rosidl_typesupport_introspection_c/race_interfaces/msg/detail/autonomy_observation__type_support.c.o
[ 55%] Building C object CMakeFiles/race_interfaces__rosidl_typesupport_introspection_c.dir/rosidl_typesupport_introspection_c/race_interfaces/msg/detail/path_state__type_support.c.o
[ 60%] Building CXX object CMakeFiles/race_interfaces__rosidl_typesupport_fastrtps_c.dir/rosidl_typesupport_fastrtps_c/race_interfaces/msg/detail/path_state__type_support_c.cpp.o
[ 60%] Building CXX object CMakeFiles/race_interfaces__rosidl_typesupport_fastrtps_c.dir/rosidl_typesupport_fastrtps_c/race_interfaces/msg/detail/autonomy_observation__type_support_c.cpp.o
[ 62%] Building CXX object CMakeFiles/race_interfaces__rosidl_typesupport_fastrtps_cpp.dir/rosidl_typesupport_fastrtps_cpp/race_interfaces/msg/detail/dds_fastrtps/autonomy_observation__type_support.cpp.o
[ 64%] Building CXX object CMakeFiles/race_interfaces__rosidl_typesupport_fastrtps_cpp.dir/rosidl_typesupport_fastrtps_cpp/race_interfaces/msg/detail/dds_fastrtps/path_state__type_support.cpp.o
[ 66%] Linking CXX shared library librace_interfaces__rosidl_typesupport_c.so
[ 68%] Linking C shared library librace_interfaces__rosidl_typesupport_introspection_c.so
[ 68%] Built target race_interfaces__rosidl_typesupport_c
[ 68%] Built target race_interfaces__rosidl_typesupport_introspection_c
[ 71%] Linking CXX shared library librace_interfaces__rosidl_typesupport_introspection_cpp.so
[ 73%] Linking CXX shared library librace_interfaces__rosidl_typesupport_cpp.so
[ 73%] Built target race_interfaces__rosidl_typesupport_cpp
[ 73%] Built target race_interfaces__rosidl_typesupport_introspection_cpp
[ 75%] Linking CXX shared library librace_interfaces__rosidl_typesupport_fastrtps_c.so
[ 77%] Linking CXX shared library librace_interfaces__rosidl_typesupport_fastrtps_cpp.so
[ 77%] Built target race_interfaces__rosidl_typesupport_fastrtps_cpp
[ 77%] Built target race_interfaces__rosidl_typesupport_fastrtps_c
[ 77%] Built target race_interfaces
[ 80%] Generating Python code for ROS interfaces
[ 80%] Built target race_interfaces__py
[ 82%] Building C object CMakeFiles/race_interfaces__rosidl_generator_py.dir/rosidl_generator_py/race_interfaces/msg/_path_state_s.c.o
[ 84%] Building C object CMakeFiles/race_interfaces__rosidl_generator_py.dir/rosidl_generator_py/race_interfaces/msg/_autonomy_observation_s.c.o
[ 86%] Linking C shared library librace_interfaces__rosidl_generator_py.so
[ 86%] Built target race_interfaces__rosidl_generator_py
[ 93%] Building C object CMakeFiles/race_interfaces_s__rosidl_typesupport_c.dir/rosidl_generator_py/race_interfaces/_race_interfaces_s.ep.rosidl_typesupport_c.c.o
[ 93%] Building C object CMakeFiles/race_interfaces_s__rosidl_typesupport_fastrtps_c.dir/rosidl_generator_py/race_interfaces/_race_interfaces_s.ep.rosidl_typesupport_fastrtps_c.c.o
[ 93%] Building C object CMakeFiles/race_interfaces_s__rosidl_typesupport_introspection_c.dir/rosidl_generator_py/race_interfaces/_race_interfaces_s.ep.rosidl_typesupport_introspection_c.c.o
[ 97%] Linking C shared module rosidl_generator_py/race_interfaces/race_interfaces_s__rosidl_typesupport_introspection_c.so
[ 97%] Linking C shared module rosidl_generator_py/race_interfaces/race_interfaces_s__rosidl_typesupport_c.so
[100%] Linking C shared module rosidl_generator_py/race_interfaces/race_interfaces_s__rosidl_typesupport_fastrtps_c.so
[100%] Built target race_interfaces_s__rosidl_typesupport_introspection_c
[100%] Built target race_interfaces_s__rosidl_typesupport_fastrtps_c
[100%] Built target race_interfaces_s__rosidl_typesupport_c
-- Install configuration: ""
-- Execute custom install script
-- Symlinking: /home/qor/urrc_hanla/.install/race_interfaces/share/ament_index/resource_index/rosidl_interfaces/race_interfaces
-- Symlinking: /home/qor/urrc_hanla/.install/race_interfaces/share/race_interfaces/msg/AutonomyObservation.json
-- Symlinking: /home/qor/urrc_hanla/.install/race_interfaces/share/race_interfaces/msg/PathState.json
-- Symlinking: /home/qor/urrc_hanla/.install/race_interfaces/include/race_interfaces/race_interfaces/msg/autonomy_observation.h
-- Symlinking: /home/qor/urrc_hanla/.install/race_interfaces/include/race_interfaces/race_interfaces/msg/detail/autonomy_observation__functions.h
-- Symlinking: /home/qor/urrc_hanla/.install/race_interfaces/include/race_interfaces/race_interfaces/msg/detail/autonomy_observation__struct.h
-- Symlinking: /home/qor/urrc_hanla/.install/race_interfaces/include/race_interfaces/race_interfaces/msg/detail/autonomy_observation__type_support.h
-- Symlinking: /home/qor/urrc_hanla/.install/race_interfaces/include/race_interfaces/race_interfaces/msg/detail/path_state__functions.h
-- Symlinking: /home/qor/urrc_hanla/.install/race_interfaces/include/race_interfaces/race_interfaces/msg/detail/path_state__struct.h
-- Symlinking: /home/qor/urrc_hanla/.install/race_interfaces/include/race_interfaces/race_interfaces/msg/detail/path_state__type_support.h
-- Symlinking: /home/qor/urrc_hanla/.install/race_interfaces/include/race_interfaces/race_interfaces/msg/path_state.h
-- Symlinking: /home/qor/urrc_hanla/.install/race_interfaces/include/race_interfaces/race_interfaces/msg/rosidl_generator_c__visibility_control.h
-- Symlinking: /home/qor/urrc_hanla/.install/race_interfaces/share/race_interfaces/environment/library_path.sh
-- Symlinking: /home/qor/urrc_hanla/.install/race_interfaces/share/race_interfaces/environment/library_path.dsv
-- Symlinking: /home/qor/urrc_hanla/.install/race_interfaces/include/race_interfaces/race_interfaces/msg/detail/autonomy_observation__rosidl_typesupport_fastrtps_c.h
-- Symlinking: /home/qor/urrc_hanla/.install/race_interfaces/include/race_interfaces/race_interfaces/msg/detail/path_state__rosidl_typesupport_fastrtps_c.h
-- Symlinking: /home/qor/urrc_hanla/.install/race_interfaces/include/race_interfaces/race_interfaces/msg/rosidl_typesupport_fastrtps_c__visibility_control.h
-- Symlinking: /home/qor/urrc_hanla/.install/race_interfaces/include/race_interfaces/race_interfaces/msg/detail/autonomy_observation__rosidl_typesupport_introspection_c.h
-- Symlinking: /home/qor/urrc_hanla/.install/race_interfaces/include/race_interfaces/race_interfaces/msg/detail/path_state__rosidl_typesupport_introspection_c.h
-- Symlinking: /home/qor/urrc_hanla/.install/race_interfaces/include/race_interfaces/race_interfaces/msg/rosidl_typesupport_introspection_c__visibility_control.h
-- Symlinking: /home/qor/urrc_hanla/.install/race_interfaces/include/race_interfaces/race_interfaces/msg/autonomy_observation.hpp
-- Symlinking: /home/qor/urrc_hanla/.install/race_interfaces/include/race_interfaces/race_interfaces/msg/detail/autonomy_observation__builder.hpp
-- Symlinking: /home/qor/urrc_hanla/.install/race_interfaces/include/race_interfaces/race_interfaces/msg/detail/autonomy_observation__struct.hpp
-- Symlinking: /home/qor/urrc_hanla/.install/race_interfaces/include/race_interfaces/race_interfaces/msg/detail/autonomy_observation__traits.hpp
-- Symlinking: /home/qor/urrc_hanla/.install/race_interfaces/include/race_interfaces/race_interfaces/msg/detail/autonomy_observation__type_support.hpp
-- Symlinking: /home/qor/urrc_hanla/.install/race_interfaces/include/race_interfaces/race_interfaces/msg/detail/path_state__builder.hpp
-- Symlinking: /home/qor/urrc_hanla/.install/race_interfaces/include/race_interfaces/race_interfaces/msg/detail/path_state__struct.hpp
-- Symlinking: /home/qor/urrc_hanla/.install/race_interfaces/include/race_interfaces/race_interfaces/msg/detail/path_state__traits.hpp
-- Symlinking: /home/qor/urrc_hanla/.install/race_interfaces/include/race_interfaces/race_interfaces/msg/detail/path_state__type_support.hpp
-- Symlinking: /home/qor/urrc_hanla/.install/race_interfaces/include/race_interfaces/race_interfaces/msg/path_state.hpp
-- Symlinking: /home/qor/urrc_hanla/.install/race_interfaces/include/race_interfaces/race_interfaces/msg/rosidl_generator_cpp__visibility_control.hpp
-- Symlinking: /home/qor/urrc_hanla/.install/race_interfaces/include/race_interfaces/race_interfaces/msg/detail/autonomy_observation__rosidl_typesupport_fastrtps_cpp.hpp
-- Symlinking: /home/qor/urrc_hanla/.install/race_interfaces/include/race_interfaces/race_interfaces/msg/detail/path_state__rosidl_typesupport_fastrtps_cpp.hpp
-- Symlinking: /home/qor/urrc_hanla/.install/race_interfaces/include/race_interfaces/race_interfaces/msg/rosidl_typesupport_fastrtps_cpp__visibility_control.h
-- Symlinking: /home/qor/urrc_hanla/.install/race_interfaces/include/race_interfaces/race_interfaces/msg/detail/autonomy_observation__rosidl_typesupport_introspection_cpp.hpp
-- Symlinking: /home/qor/urrc_hanla/.install/race_interfaces/include/race_interfaces/race_interfaces/msg/detail/path_state__rosidl_typesupport_introspection_cpp.hpp
-- Symlinking: /home/qor/urrc_hanla/.install/race_interfaces/share/race_interfaces/environment/pythonpath.sh
-- Symlinking: /home/qor/urrc_hanla/.install/race_interfaces/share/race_interfaces/environment/pythonpath.dsv
-- Symlinking: /home/qor/urrc_hanla/.install/race_interfaces/lib/python3.12/site-packages/race_interfaces-0.1.0-py3.12.egg-info/PKG-INFO
-- Symlinking: /home/qor/urrc_hanla/.install/race_interfaces/lib/python3.12/site-packages/race_interfaces-0.1.0-py3.12.egg-info/SOURCES.txt
-- Symlinking: /home/qor/urrc_hanla/.install/race_interfaces/lib/python3.12/site-packages/race_interfaces-0.1.0-py3.12.egg-info/dependency_links.txt
-- Symlinking: /home/qor/urrc_hanla/.install/race_interfaces/lib/python3.12/site-packages/race_interfaces-0.1.0-py3.12.egg-info/top_level.txt
-- Symlinking: /home/qor/urrc_hanla/.install/race_interfaces/lib/python3.12/site-packages/race_interfaces/__init__.py
-- Symlinking: /home/qor/urrc_hanla/.install/race_interfaces/lib/python3.12/site-packages/race_interfaces/_race_interfaces_s.ep.rosidl_typesupport_c.c
-- Symlinking: /home/qor/urrc_hanla/.install/race_interfaces/lib/python3.12/site-packages/race_interfaces/_race_interfaces_s.ep.rosidl_typesupport_fastrtps_c.c
-- Symlinking: /home/qor/urrc_hanla/.install/race_interfaces/lib/python3.12/site-packages/race_interfaces/_race_interfaces_s.ep.rosidl_typesupport_introspection_c.c
-- Symlinking: /home/qor/urrc_hanla/.install/race_interfaces/lib/python3.12/site-packages/race_interfaces/msg/__init__.py
-- Symlinking: /home/qor/urrc_hanla/.install/race_interfaces/lib/python3.12/site-packages/race_interfaces/msg/_autonomy_observation.py
-- Symlinking: /home/qor/urrc_hanla/.install/race_interfaces/lib/python3.12/site-packages/race_interfaces/msg/_autonomy_observation_s.c
-- Symlinking: /home/qor/urrc_hanla/.install/race_interfaces/lib/python3.12/site-packages/race_interfaces/msg/_path_state.py
-- Symlinking: /home/qor/urrc_hanla/.install/race_interfaces/lib/python3.12/site-packages/race_interfaces/msg/_path_state_s.c
-- Symlinking: /home/qor/urrc_hanla/.install/race_interfaces/lib/python3.12/site-packages/race_interfaces/race_interfaces_s__rosidl_typesupport_c.so
-- Symlinking: /home/qor/urrc_hanla/.install/race_interfaces/lib/python3.12/site-packages/race_interfaces/race_interfaces_s__rosidl_typesupport_fastrtps_c.so
-- Symlinking: /home/qor/urrc_hanla/.install/race_interfaces/lib/python3.12/site-packages/race_interfaces/race_interfaces_s__rosidl_typesupport_introspection_c.so
-- Up-to-date symlink: /home/qor/urrc_hanla/.install/race_interfaces/lib/python3.12/site-packages/race_interfaces/race_interfaces_s__rosidl_typesupport_fastrtps_c.so
-- Up-to-date symlink: /home/qor/urrc_hanla/.install/race_interfaces/lib/python3.12/site-packages/race_interfaces/race_interfaces_s__rosidl_typesupport_introspection_c.so
-- Up-to-date symlink: /home/qor/urrc_hanla/.install/race_interfaces/lib/python3.12/site-packages/race_interfaces/race_interfaces_s__rosidl_typesupport_c.so
-- Symlinking: /home/qor/urrc_hanla/.install/race_interfaces/share/ament_index/resource_index/rust_packages/race_interfaces
-- Symlinking: /home/qor/urrc_hanla/.install/race_interfaces/share/race_interfaces/rust/Cargo.toml
-- Symlinking: /home/qor/urrc_hanla/.install/race_interfaces/share/race_interfaces/rust/build.rs
-- Symlinking: /home/qor/urrc_hanla/.install/race_interfaces/share/race_interfaces/rust/src/lib.rs
-- Symlinking: /home/qor/urrc_hanla/.install/race_interfaces/share/race_interfaces/rust/src/msg.rs
-- Symlinking: /home/qor/urrc_hanla/.install/race_interfaces/share/race_interfaces/rust/src/msg/rmw.rs
-- Symlinking: /home/qor/urrc_hanla/.install/race_interfaces/share/race_interfaces/msg/AutonomyObservation.idl
-- Symlinking: /home/qor/urrc_hanla/.install/race_interfaces/share/race_interfaces/msg/PathState.idl
-- Symlinking: /home/qor/urrc_hanla/.install/race_interfaces/share/race_interfaces/msg/AutonomyObservation.msg
-- Symlinking: /home/qor/urrc_hanla/.install/race_interfaces/share/race_interfaces/msg/PathState.msg
-- Symlinking: /home/qor/urrc_hanla/.install/race_interfaces/share/ament_index/resource_index/package_run_dependencies/race_interfaces
-- Symlinking: /home/qor/urrc_hanla/.install/race_interfaces/share/ament_index/resource_index/parent_prefix_path/race_interfaces
-- Symlinking: /home/qor/urrc_hanla/.install/race_interfaces/share/race_interfaces/environment/ament_prefix_path.sh
-- Symlinking: /home/qor/urrc_hanla/.install/race_interfaces/share/race_interfaces/environment/ament_prefix_path.dsv
-- Symlinking: /home/qor/urrc_hanla/.install/race_interfaces/share/race_interfaces/environment/path.sh
-- Symlinking: /home/qor/urrc_hanla/.install/race_interfaces/share/race_interfaces/environment/path.dsv
-- Symlinking: /home/qor/urrc_hanla/.install/race_interfaces/share/race_interfaces/local_setup.bash
-- Symlinking: /home/qor/urrc_hanla/.install/race_interfaces/share/race_interfaces/local_setup.sh
-- Symlinking: /home/qor/urrc_hanla/.install/race_interfaces/share/race_interfaces/local_setup.zsh
-- Symlinking: /home/qor/urrc_hanla/.install/race_interfaces/share/race_interfaces/local_setup.dsv
-- Symlinking: /home/qor/urrc_hanla/.install/race_interfaces/share/race_interfaces/package.dsv
-- Symlinking: /home/qor/urrc_hanla/.install/race_interfaces/share/ament_index/resource_index/packages/race_interfaces
-- Symlinking: /home/qor/urrc_hanla/.install/race_interfaces/share/race_interfaces/cmake/rosidl_cmake-extras.cmake
-- Symlinking: /home/qor/urrc_hanla/.install/race_interfaces/share/race_interfaces/cmake/ament_cmake_export_dependencies-extras.cmake
-- Symlinking: /home/qor/urrc_hanla/.install/race_interfaces/share/race_interfaces/cmake/ament_cmake_export_include_directories-extras.cmake
-- Symlinking: /home/qor/urrc_hanla/.install/race_interfaces/share/race_interfaces/cmake/ament_cmake_export_libraries-extras.cmake
-- Symlinking: /home/qor/urrc_hanla/.install/race_interfaces/share/race_interfaces/cmake/ament_cmake_export_targets-extras.cmake
-- Symlinking: /home/qor/urrc_hanla/.install/race_interfaces/share/race_interfaces/cmake/rosidl_cmake_export_typesupport_targets-extras.cmake
-- Symlinking: /home/qor/urrc_hanla/.install/race_interfaces/share/race_interfaces/cmake/rosidl_cmake_export_typesupport_libraries-extras.cmake
-- Symlinking: /home/qor/urrc_hanla/.install/race_interfaces/share/race_interfaces/cmake/rosidl_cmake_aggregate_target-extras.cmake
-- Symlinking: /home/qor/urrc_hanla/.install/race_interfaces/share/race_interfaces/cmake/race_interfacesConfig.cmake
-- Symlinking: /home/qor/urrc_hanla/.install/race_interfaces/share/race_interfaces/cmake/race_interfacesConfig-version.cmake
-- Symlinking: /home/qor/urrc_hanla/.install/race_interfaces/share/race_interfaces/package.xml
-- Installing: /home/qor/urrc_hanla/.install/race_interfaces/lib/librace_interfaces__rosidl_generator_c.so
-- Set non-toolchain portion of runtime path of "/home/qor/urrc_hanla/.install/race_interfaces/lib/librace_interfaces__rosidl_generator_c.so" to ""
-- Installing: /home/qor/urrc_hanla/.install/race_interfaces/lib/librace_interfaces__rosidl_typesupport_fastrtps_c.so
-- Set non-toolchain portion of runtime path of "/home/qor/urrc_hanla/.install/race_interfaces/lib/librace_interfaces__rosidl_typesupport_fastrtps_c.so" to ""
-- Installing: /home/qor/urrc_hanla/.install/race_interfaces/lib/librace_interfaces__rosidl_typesupport_introspection_c.so
-- Set non-toolchain portion of runtime path of "/home/qor/urrc_hanla/.install/race_interfaces/lib/librace_interfaces__rosidl_typesupport_introspection_c.so" to ""
-- Installing: /home/qor/urrc_hanla/.install/race_interfaces/lib/librace_interfaces__rosidl_typesupport_c.so
-- Set non-toolchain portion of runtime path of "/home/qor/urrc_hanla/.install/race_interfaces/lib/librace_interfaces__rosidl_typesupport_c.so" to ""
-- Installing: /home/qor/urrc_hanla/.install/race_interfaces/lib/librace_interfaces__rosidl_typesupport_fastrtps_cpp.so
-- Set non-toolchain portion of runtime path of "/home/qor/urrc_hanla/.install/race_interfaces/lib/librace_interfaces__rosidl_typesupport_fastrtps_cpp.so" to ""
-- Installing: /home/qor/urrc_hanla/.install/race_interfaces/lib/librace_interfaces__rosidl_typesupport_introspection_cpp.so
-- Set non-toolchain portion of runtime path of "/home/qor/urrc_hanla/.install/race_interfaces/lib/librace_interfaces__rosidl_typesupport_introspection_cpp.so" to ""
-- Installing: /home/qor/urrc_hanla/.install/race_interfaces/lib/librace_interfaces__rosidl_typesupport_cpp.so
-- Set non-toolchain portion of runtime path of "/home/qor/urrc_hanla/.install/race_interfaces/lib/librace_interfaces__rosidl_typesupport_cpp.so" to ""
Listing '/home/qor/urrc_hanla/.install/race_interfaces/lib/python3.12/site-packages/race_interfaces'...
Compiling '/home/qor/urrc_hanla/.install/race_interfaces/lib/python3.12/site-packages/race_interfaces/__init__.py'...
Listing '/home/qor/urrc_hanla/.install/race_interfaces/lib/python3.12/site-packages/race_interfaces/msg'...
Compiling '/home/qor/urrc_hanla/.install/race_interfaces/lib/python3.12/site-packages/race_interfaces/msg/__init__.py'...
Compiling '/home/qor/urrc_hanla/.install/race_interfaces/lib/python3.12/site-packages/race_interfaces/msg/_autonomy_observation.py'...
Compiling '/home/qor/urrc_hanla/.install/race_interfaces/lib/python3.12/site-packages/race_interfaces/msg/_path_state.py'...
-- Installing: /home/qor/urrc_hanla/.install/race_interfaces/lib/librace_interfaces__rosidl_generator_py.so
-- Set non-toolchain portion of runtime path of "/home/qor/urrc_hanla/.install/race_interfaces/lib/librace_interfaces__rosidl_generator_py.so" to ""
-- Installing: /home/qor/urrc_hanla/.install/race_interfaces/share/race_interfaces/cmake/export_race_interfaces__rosidl_generator_cExport.cmake
-- Installing: /home/qor/urrc_hanla/.install/race_interfaces/share/race_interfaces/cmake/export_race_interfaces__rosidl_generator_cExport-noconfig.cmake
-- Installing: /home/qor/urrc_hanla/.install/race_interfaces/share/race_interfaces/cmake/export_race_interfaces__rosidl_typesupport_fastrtps_cExport.cmake
-- Installing: /home/qor/urrc_hanla/.install/race_interfaces/share/race_interfaces/cmake/export_race_interfaces__rosidl_typesupport_fastrtps_cExport-noconfig.cmake
-- Installing: /home/qor/urrc_hanla/.install/race_interfaces/share/race_interfaces/cmake/race_interfaces__rosidl_typesupport_introspection_cExport.cmake
-- Installing: /home/qor/urrc_hanla/.install/race_interfaces/share/race_interfaces/cmake/race_interfaces__rosidl_typesupport_introspection_cExport-noconfig.cmake
-- Installing: /home/qor/urrc_hanla/.install/race_interfaces/share/race_interfaces/cmake/race_interfaces__rosidl_typesupport_cExport.cmake
-- Installing: /home/qor/urrc_hanla/.install/race_interfaces/share/race_interfaces/cmake/race_interfaces__rosidl_typesupport_cExport-noconfig.cmake
-- Installing: /home/qor/urrc_hanla/.install/race_interfaces/share/race_interfaces/cmake/export_race_interfaces__rosidl_generator_cppExport.cmake
-- Installing: /home/qor/urrc_hanla/.install/race_interfaces/share/race_interfaces/cmake/export_race_interfaces__rosidl_typesupport_fastrtps_cppExport.cmake
-- Installing: /home/qor/urrc_hanla/.install/race_interfaces/share/race_interfaces/cmake/export_race_interfaces__rosidl_typesupport_fastrtps_cppExport-noconfig.cmake
-- Installing: /home/qor/urrc_hanla/.install/race_interfaces/share/race_interfaces/cmake/race_interfaces__rosidl_typesupport_introspection_cppExport.cmake
-- Installing: /home/qor/urrc_hanla/.install/race_interfaces/share/race_interfaces/cmake/race_interfaces__rosidl_typesupport_introspection_cppExport-noconfig.cmake
-- Installing: /home/qor/urrc_hanla/.install/race_interfaces/share/race_interfaces/cmake/race_interfaces__rosidl_typesupport_cppExport.cmake
-- Installing: /home/qor/urrc_hanla/.install/race_interfaces/share/race_interfaces/cmake/race_interfaces__rosidl_typesupport_cppExport-noconfig.cmake
-- Installing: /home/qor/urrc_hanla/.install/race_interfaces/share/race_interfaces/cmake/export_race_interfaces__rosidl_generator_pyExport.cmake
-- Installing: /home/qor/urrc_hanla/.install/race_interfaces/share/race_interfaces/cmake/export_race_interfaces__rosidl_generator_pyExport-noconfig.cmake
