[0.129s] Invoking command in '/home/qor/urrc_hanla/.build/race_interfaces': CMAKE_PREFIX_PATH=${CMAKE_PREFIX_PATH}:/home/qor/urrc_hanla/race_autonomy/ros2_ws/install/race_control:/home/qor/urrc_hanla/race_autonomy/ros2_ws/install/race_vehicle_interface:/home/qor/urrc_hanla/race_autonomy/ros2_ws/install/race_perception:/home/qor/urrc_hanla/race_autonomy/ros2_ws/install/imu_manager:/home/qor/urrc_hanla/race_autonomy/ros2_ws/install/camera_yolo_inference:/home/qor/urrc_hanla/race_autonomy/ros2_ws/install/camera_navigation:/home/qor/mcu_ws/install/mcu_serial_bridge:/opt/ros/jazzy DEBUGINFOD_URLS=https://debuginfod.ubuntu.com /usr/bin/cmake /home/qor/urrc_hanla/race_autonomy/ros2_ws/src/race_interfaces -DAMENT_CMAKE_SYMLINK_INSTALL=1 -DCMAKE_INSTALL_PREFIX=/home/qor/urrc_hanla/.install/race_interfaces
[0.514s] -- The C compiler identification is GNU 13.3.0
[0.514s] -- The CXX compiler identification is GNU 13.3.0
[0.514s] -- Detecting C compiler ABI info
[0.514s] -- Detecting C compiler ABI info - done
[0.514s] -- Check for working C compiler: /usr/bin/cc - skipped
[0.514s] -- Detecting C compile features
[0.514s] -- Detecting C compile features - done
[0.514s] -- Detecting CXX compiler ABI info
[0.514s] -- Detecting CXX compiler ABI info - done
[0.514s] -- Check for working CXX compiler: /usr/bin/c++ - skipped
[0.514s] -- Detecting CXX compile features
[0.514s] -- Detecting CXX compile features - done
[0.514s] -- Found ament_cmake: 2.5.6 (/opt/ros/jazzy/share/ament_cmake/cmake)
[0.514s] -- Found Python3: /usr/bin/python3 (found version "3.12.3") found components: Interpreter 
[0.514s] -- Override CMake install command with custom implementation using symlinks instead of copying resources
[0.647s] -- Found rosidl_default_generators: 1.6.1 (/opt/ros/jazzy/share/rosidl_default_generators/cmake)
[0.647s] -- Using all available rosidl_typesupport_c: rosidl_typesupport_fastrtps_c;rosidl_typesupport_introspection_c
[0.647s] -- Using all available rosidl_typesupport_cpp: rosidl_typesupport_fastrtps_cpp;rosidl_typesupport_introspection_cpp
[0.647s] -- Found rosidl_adapter: 4.6.9 (/opt/ros/jazzy/share/rosidl_adapter/cmake)
[0.647s] -- Found std_msgs: 5.3.8 (/opt/ros/jazzy/share/std_msgs/cmake)
[0.658s] -- Found nav_msgs: 5.3.8 (/opt/ros/jazzy/share/nav_msgs/cmake)
[1.142s] -- Found ament_cmake_ros: 0.12.1 (/opt/ros/jazzy/share/ament_cmake_ros/cmake)
[1.483s] -- Using all available rosidl_typesupport_c: rosidl_typesupport_fastrtps_c;rosidl_typesupport_introspection_c
[1.925s] -- Using all available rosidl_typesupport_cpp: rosidl_typesupport_fastrtps_cpp;rosidl_typesupport_introspection_cpp
[1.929s] -- Found python_cmake_module: 0.11.1 (/opt/ros/jazzy/share/python_cmake_module/cmake)
[2.017s] -- Found PythonExtra: /usr/bin/python3  
[2.327s] -- Found Python3: /usr/bin/python3 (found version "3.12.3") found components: Interpreter Development NumPy Development.Module Development.Embed 
[2.407s] -- Found Python3: /usr/bin/python3 (found version "3.12.3") found components: Interpreter 
[2.414s] -- Configuring done (2.3s)
[2.438s] -- Generating done (0.0s)
[2.445s] -- Build files have been written to: /home/qor/urrc_hanla/.build/race_interfaces
[2.453s] Invoked command in '/home/qor/urrc_hanla/.build/race_interfaces' returned '0': CMAKE_PREFIX_PATH=${CMAKE_PREFIX_PATH}:/home/qor/urrc_hanla/race_autonomy/ros2_ws/install/race_control:/home/qor/urrc_hanla/race_autonomy/ros2_ws/install/race_vehicle_interface:/home/qor/urrc_hanla/race_autonomy/ros2_ws/install/race_perception:/home/qor/urrc_hanla/race_autonomy/ros2_ws/install/imu_manager:/home/qor/urrc_hanla/race_autonomy/ros2_ws/install/camera_yolo_inference:/home/qor/urrc_hanla/race_autonomy/ros2_ws/install/camera_navigation:/home/qor/mcu_ws/install/mcu_serial_bridge:/opt/ros/jazzy DEBUGINFOD_URLS=https://debuginfod.ubuntu.com /usr/bin/cmake /home/qor/urrc_hanla/race_autonomy/ros2_ws/src/race_interfaces -DAMENT_CMAKE_SYMLINK_INSTALL=1 -DCMAKE_INSTALL_PREFIX=/home/qor/urrc_hanla/.install/race_interfaces
[2.453s] Invoking command in '/home/qor/urrc_hanla/.build/race_interfaces': CMAKE_PREFIX_PATH=${CMAKE_PREFIX_PATH}:/home/qor/urrc_hanla/race_autonomy/ros2_ws/install/race_control:/home/qor/urrc_hanla/race_autonomy/ros2_ws/install/race_vehicle_interface:/home/qor/urrc_hanla/race_autonomy/ros2_ws/install/race_perception:/home/qor/urrc_hanla/race_autonomy/ros2_ws/install/imu_manager:/home/qor/urrc_hanla/race_autonomy/ros2_ws/install/camera_yolo_inference:/home/qor/urrc_hanla/race_autonomy/ros2_ws/install/camera_navigation:/home/qor/mcu_ws/install/mcu_serial_bridge:/opt/ros/jazzy DEBUGINFOD_URLS=https://debuginfod.ubuntu.com /usr/bin/cmake --build /home/qor/urrc_hanla/.build/race_interfaces -- -j24 -l24
[2.488s] [  2%] Generating type hashes for ROS interfaces
[2.488s] [  4%] Generating Rust code for ROS interfaces
[2.493s] [  4%] Built target ament_cmake_python_symlink_race_interfaces
[2.639s] [  4%] Built target race_interfaces__rosidl_generator_type_description
[2.645s] [  4%] Built target race_interfaces__rs
[2.645s] [  6%] Generating C code for ROS interfaces
[2.647s] running egg_info
[2.652s] [  8%] Generating C++ code for ROS interfaces
[2.658s] creating race_interfaces.egg-info
[2.658s] writing race_interfaces.egg-info/PKG-INFO
[2.658s] writing dependency_links to race_interfaces.egg-info/dependency_links.txt
[2.658s] writing top-level names to race_interfaces.egg-info/top_level.txt
[2.658s] writing manifest file 'race_interfaces.egg-info/SOURCES.txt'
[2.687s] reading manifest file 'race_interfaces.egg-info/SOURCES.txt'
[2.687s] writing manifest file 'race_interfaces.egg-info/SOURCES.txt'
[2.707s] [  8%] Built target ament_cmake_python_build_race_interfaces_egg
[2.813s] [ 13%] Building C object CMakeFiles/race_interfaces__rosidl_generator_c.dir/rosidl_generator_c/race_interfaces/msg/detail/autonomy_observation__type_support.c.o
[2.813s] [ 13%] Building C object CMakeFiles/race_interfaces__rosidl_generator_c.dir/rosidl_generator_c/race_interfaces/msg/detail/autonomy_observation__description.c.o
[2.813s] [ 15%] Building C object CMakeFiles/race_interfaces__rosidl_generator_c.dir/rosidl_generator_c/race_interfaces/msg/detail/path_state__type_support.c.o
[2.815s] [ 17%] Building C object CMakeFiles/race_interfaces__rosidl_generator_c.dir/rosidl_generator_c/race_interfaces/msg/detail/autonomy_observation__functions.c.o
[2.815s] [ 20%] Building C object CMakeFiles/race_interfaces__rosidl_generator_c.dir/rosidl_generator_c/race_interfaces/msg/detail/path_state__description.c.o
[2.816s] [ 22%] Building C object CMakeFiles/race_interfaces__rosidl_generator_c.dir/rosidl_generator_c/race_interfaces/msg/detail/path_state__functions.c.o
[2.819s] [ 22%] Built target race_interfaces__cpp
[2.847s] [ 24%] Linking C shared library librace_interfaces__rosidl_generator_c.so
[2.881s] [ 24%] Built target race_interfaces__rosidl_generator_c
[2.890s] [ 26%] Generating C type support dispatch for ROS interfaces
[2.892s] [ 28%] Generating C type support for eProsima Fast-RTPS
[2.893s] [ 31%] Generating C++ introspection for ROS interfaces
[2.893s] [ 33%] Generating C introspection for ROS interfaces
[2.896s] [ 35%] Generating C++ type support dispatch for ROS interfaces
[2.904s] [ 37%] Generating C++ type support for eProsima Fast-RTPS
[3.034s] [ 46%] Building CXX object CMakeFiles/race_interfaces__rosidl_typesupport_introspection_cpp.dir/rosidl_typesupport_introspection_cpp/race_interfaces/msg/detail/path_state__type_support.cpp.o
[3.034s] [ 46%] Building CXX object CMakeFiles/race_interfaces__rosidl_typesupport_introspection_cpp.dir/rosidl_typesupport_introspection_cpp/race_interfaces/msg/detail/autonomy_observation__type_support.cpp.o
[3.034s] [ 46%] Building CXX object CMakeFiles/race_interfaces__rosidl_typesupport_cpp.dir/rosidl_typesupport_cpp/race_interfaces/msg/autonomy_observation__type_support.cpp.o
[3.035s] [ 46%] Building CXX object CMakeFiles/race_interfaces__rosidl_typesupport_cpp.dir/rosidl_typesupport_cpp/race_interfaces/msg/path_state__type_support.cpp.o
[3.042s] [ 51%] Building CXX object CMakeFiles/race_interfaces__rosidl_typesupport_c.dir/rosidl_typesupport_c/race_interfaces/msg/autonomy_observation__type_support.cpp.o
[3.042s] [ 51%] Building CXX object CMakeFiles/race_interfaces__rosidl_typesupport_c.dir/rosidl_typesupport_c/race_interfaces/msg/path_state__type_support.cpp.o
[3.062s] [ 55%] Building C object CMakeFiles/race_interfaces__rosidl_typesupport_introspection_c.dir/rosidl_typesupport_introspection_c/race_interfaces/msg/detail/autonomy_observation__type_support.c.o
[3.062s] [ 55%] Building C object CMakeFiles/race_interfaces__rosidl_typesupport_introspection_c.dir/rosidl_typesupport_introspection_c/race_interfaces/msg/detail/path_state__type_support.c.o
[3.064s] [ 60%] Building CXX object CMakeFiles/race_interfaces__rosidl_typesupport_fastrtps_c.dir/rosidl_typesupport_fastrtps_c/race_interfaces/msg/detail/path_state__type_support_c.cpp.o
[3.064s] [ 60%] Building CXX object CMakeFiles/race_interfaces__rosidl_typesupport_fastrtps_c.dir/rosidl_typesupport_fastrtps_c/race_interfaces/msg/detail/autonomy_observation__type_support_c.cpp.o
[3.066s] [ 62%] Building CXX object CMakeFiles/race_interfaces__rosidl_typesupport_fastrtps_cpp.dir/rosidl_typesupport_fastrtps_cpp/race_interfaces/msg/detail/dds_fastrtps/autonomy_observation__type_support.cpp.o
[3.068s] [ 64%] Building CXX object CMakeFiles/race_interfaces__rosidl_typesupport_fastrtps_cpp.dir/rosidl_typesupport_fastrtps_cpp/race_interfaces/msg/detail/dds_fastrtps/path_state__type_support.cpp.o
[3.070s] [ 66%] Linking CXX shared library librace_interfaces__rosidl_typesupport_c.so
[3.087s] [ 68%] Linking C shared library librace_interfaces__rosidl_typesupport_introspection_c.so
[3.103s] [ 68%] Built target race_interfaces__rosidl_typesupport_c
[3.111s] [ 68%] Built target race_interfaces__rosidl_typesupport_introspection_c
[3.196s] [ 71%] Linking CXX shared library librace_interfaces__rosidl_typesupport_introspection_cpp.so
[3.203s] [ 73%] Linking CXX shared library librace_interfaces__rosidl_typesupport_cpp.so
[3.233s] [ 73%] Built target race_interfaces__rosidl_typesupport_cpp
[3.240s] [ 73%] Built target race_interfaces__rosidl_typesupport_introspection_cpp
[3.298s] [ 75%] Linking CXX shared library librace_interfaces__rosidl_typesupport_fastrtps_c.so
[3.299s] [ 77%] Linking CXX shared library librace_interfaces__rosidl_typesupport_fastrtps_cpp.so
[3.331s] [ 77%] Built target race_interfaces__rosidl_typesupport_fastrtps_cpp
[3.331s] [ 77%] Built target race_interfaces__rosidl_typesupport_fastrtps_c
[3.342s] [ 77%] Built target race_interfaces
[3.355s] [ 80%] Generating Python code for ROS interfaces
[3.565s] [ 80%] Built target race_interfaces__py
[3.579s] [ 82%] Building C object CMakeFiles/race_interfaces__rosidl_generator_py.dir/rosidl_generator_py/race_interfaces/msg/_path_state_s.c.o
[3.579s] [ 84%] Building C object CMakeFiles/race_interfaces__rosidl_generator_py.dir/rosidl_generator_py/race_interfaces/msg/_autonomy_observation_s.c.o
[3.664s] [ 86%] Linking C shared library librace_interfaces__rosidl_generator_py.so
[3.694s] [ 86%] Built target race_interfaces__rosidl_generator_py
[3.707s] [ 93%] Building C object CMakeFiles/race_interfaces_s__rosidl_typesupport_c.dir/rosidl_generator_py/race_interfaces/_race_interfaces_s.ep.rosidl_typesupport_c.c.o
[3.707s] [ 93%] Building C object CMakeFiles/race_interfaces_s__rosidl_typesupport_fastrtps_c.dir/rosidl_generator_py/race_interfaces/_race_interfaces_s.ep.rosidl_typesupport_fastrtps_c.c.o
[3.707s] [ 93%] Building C object CMakeFiles/race_interfaces_s__rosidl_typesupport_introspection_c.dir/rosidl_generator_py/race_interfaces/_race_interfaces_s.ep.rosidl_typesupport_introspection_c.c.o
[3.764s] [ 97%] Linking C shared module rosidl_generator_py/race_interfaces/race_interfaces_s__rosidl_typesupport_introspection_c.so
[3.764s] [ 97%] Linking C shared module rosidl_generator_py/race_interfaces/race_interfaces_s__rosidl_typesupport_c.so
[3.764s] [100%] Linking C shared module rosidl_generator_py/race_interfaces/race_interfaces_s__rosidl_typesupport_fastrtps_c.so
[3.784s] [100%] Built target race_interfaces_s__rosidl_typesupport_introspection_c
[3.784s] [100%] Built target race_interfaces_s__rosidl_typesupport_fastrtps_c
[3.784s] [100%] Built target race_interfaces_s__rosidl_typesupport_c
[3.790s] Invoked command in '/home/qor/urrc_hanla/.build/race_interfaces' returned '0': CMAKE_PREFIX_PATH=${CMAKE_PREFIX_PATH}:/home/qor/urrc_hanla/race_autonomy/ros2_ws/install/race_control:/home/qor/urrc_hanla/race_autonomy/ros2_ws/install/race_vehicle_interface:/home/qor/urrc_hanla/race_autonomy/ros2_ws/install/race_perception:/home/qor/urrc_hanla/race_autonomy/ros2_ws/install/imu_manager:/home/qor/urrc_hanla/race_autonomy/ros2_ws/install/camera_yolo_inference:/home/qor/urrc_hanla/race_autonomy/ros2_ws/install/camera_navigation:/home/qor/mcu_ws/install/mcu_serial_bridge:/opt/ros/jazzy DEBUGINFOD_URLS=https://debuginfod.ubuntu.com /usr/bin/cmake --build /home/qor/urrc_hanla/.build/race_interfaces -- -j24 -l24
[3.791s] Invoking command in '/home/qor/urrc_hanla/.build/race_interfaces': CMAKE_PREFIX_PATH=${CMAKE_PREFIX_PATH}:/home/qor/urrc_hanla/race_autonomy/ros2_ws/install/race_control:/home/qor/urrc_hanla/race_autonomy/ros2_ws/install/race_vehicle_interface:/home/qor/urrc_hanla/race_autonomy/ros2_ws/install/race_perception:/home/qor/urrc_hanla/race_autonomy/ros2_ws/install/imu_manager:/home/qor/urrc_hanla/race_autonomy/ros2_ws/install/camera_yolo_inference:/home/qor/urrc_hanla/race_autonomy/ros2_ws/install/camera_navigation:/home/qor/mcu_ws/install/mcu_serial_bridge:/opt/ros/jazzy DEBUGINFOD_URLS=https://debuginfod.ubuntu.com /usr/bin/cmake --install /home/qor/urrc_hanla/.build/race_interfaces
[3.796s] -- Install configuration: ""
[3.796s] -- Execute custom install script
[3.796s] -- Symlinking: /home/qor/urrc_hanla/.install/race_interfaces/share/ament_index/resource_index/rosidl_interfaces/race_interfaces
[3.802s] -- Symlinking: /home/qor/urrc_hanla/.install/race_interfaces/share/race_interfaces/msg/AutonomyObservation.json
[3.807s] -- Symlinking: /home/qor/urrc_hanla/.install/race_interfaces/share/race_interfaces/msg/PathState.json
[3.811s] -- Symlinking: /home/qor/urrc_hanla/.install/race_interfaces/include/race_interfaces/race_interfaces/msg/autonomy_observation.h
[3.816s] -- Symlinking: /home/qor/urrc_hanla/.install/race_interfaces/include/race_interfaces/race_interfaces/msg/detail/autonomy_observation__functions.h
[3.821s] -- Symlinking: /home/qor/urrc_hanla/.install/race_interfaces/include/race_interfaces/race_interfaces/msg/detail/autonomy_observation__struct.h
[3.826s] -- Symlinking: /home/qor/urrc_hanla/.install/race_interfaces/include/race_interfaces/race_interfaces/msg/detail/autonomy_observation__type_support.h
[3.831s] -- Symlinking: /home/qor/urrc_hanla/.install/race_interfaces/include/race_interfaces/race_interfaces/msg/detail/path_state__functions.h
[3.835s] -- Symlinking: /home/qor/urrc_hanla/.install/race_interfaces/include/race_interfaces/race_interfaces/msg/detail/path_state__struct.h
[3.840s] -- Symlinking: /home/qor/urrc_hanla/.install/race_interfaces/include/race_interfaces/race_interfaces/msg/detail/path_state__type_support.h
[3.845s] -- Symlinking: /home/qor/urrc_hanla/.install/race_interfaces/include/race_interfaces/race_interfaces/msg/path_state.h
[3.849s] -- Symlinking: /home/qor/urrc_hanla/.install/race_interfaces/include/race_interfaces/race_interfaces/msg/rosidl_generator_c__visibility_control.h
[3.854s] -- Symlinking: /home/qor/urrc_hanla/.install/race_interfaces/share/race_interfaces/environment/library_path.sh
[3.858s] -- Symlinking: /home/qor/urrc_hanla/.install/race_interfaces/share/race_interfaces/environment/library_path.dsv
[3.863s] -- Symlinking: /home/qor/urrc_hanla/.install/race_interfaces/include/race_interfaces/race_interfaces/msg/detail/autonomy_observation__rosidl_typesupport_fastrtps_c.h
[3.868s] -- Symlinking: /home/qor/urrc_hanla/.install/race_interfaces/include/race_interfaces/race_interfaces/msg/detail/path_state__rosidl_typesupport_fastrtps_c.h
[3.873s] -- Symlinking: /home/qor/urrc_hanla/.install/race_interfaces/include/race_interfaces/race_interfaces/msg/rosidl_typesupport_fastrtps_c__visibility_control.h
[3.877s] -- Symlinking: /home/qor/urrc_hanla/.install/race_interfaces/include/race_interfaces/race_interfaces/msg/detail/autonomy_observation__rosidl_typesupport_introspection_c.h
[3.882s] -- Symlinking: /home/qor/urrc_hanla/.install/race_interfaces/include/race_interfaces/race_interfaces/msg/detail/path_state__rosidl_typesupport_introspection_c.h
[3.886s] -- Symlinking: /home/qor/urrc_hanla/.install/race_interfaces/include/race_interfaces/race_interfaces/msg/rosidl_typesupport_introspection_c__visibility_control.h
[3.891s] -- Symlinking: /home/qor/urrc_hanla/.install/race_interfaces/include/race_interfaces/race_interfaces/msg/autonomy_observation.hpp
[3.896s] -- Symlinking: /home/qor/urrc_hanla/.install/race_interfaces/include/race_interfaces/race_interfaces/msg/detail/autonomy_observation__builder.hpp
[3.901s] -- Symlinking: /home/qor/urrc_hanla/.install/race_interfaces/include/race_interfaces/race_interfaces/msg/detail/autonomy_observation__struct.hpp
[3.906s] -- Symlinking: /home/qor/urrc_hanla/.install/race_interfaces/include/race_interfaces/race_interfaces/msg/detail/autonomy_observation__traits.hpp
[3.911s] -- Symlinking: /home/qor/urrc_hanla/.install/race_interfaces/include/race_interfaces/race_interfaces/msg/detail/autonomy_observation__type_support.hpp
[3.916s] -- Symlinking: /home/qor/urrc_hanla/.install/race_interfaces/include/race_interfaces/race_interfaces/msg/detail/path_state__builder.hpp
[3.921s] -- Symlinking: /home/qor/urrc_hanla/.install/race_interfaces/include/race_interfaces/race_interfaces/msg/detail/path_state__struct.hpp
[3.925s] -- Symlinking: /home/qor/urrc_hanla/.install/race_interfaces/include/race_interfaces/race_interfaces/msg/detail/path_state__traits.hpp
[3.930s] -- Symlinking: /home/qor/urrc_hanla/.install/race_interfaces/include/race_interfaces/race_interfaces/msg/detail/path_state__type_support.hpp
[3.934s] -- Symlinking: /home/qor/urrc_hanla/.install/race_interfaces/include/race_interfaces/race_interfaces/msg/path_state.hpp
[3.939s] -- Symlinking: /home/qor/urrc_hanla/.install/race_interfaces/include/race_interfaces/race_interfaces/msg/rosidl_generator_cpp__visibility_control.hpp
[3.944s] -- Symlinking: /home/qor/urrc_hanla/.install/race_interfaces/include/race_interfaces/race_interfaces/msg/detail/autonomy_observation__rosidl_typesupport_fastrtps_cpp.hpp
[3.948s] -- Symlinking: /home/qor/urrc_hanla/.install/race_interfaces/include/race_interfaces/race_interfaces/msg/detail/path_state__rosidl_typesupport_fastrtps_cpp.hpp
[3.953s] -- Symlinking: /home/qor/urrc_hanla/.install/race_interfaces/include/race_interfaces/race_interfaces/msg/rosidl_typesupport_fastrtps_cpp__visibility_control.h
[3.957s] -- Symlinking: /home/qor/urrc_hanla/.install/race_interfaces/include/race_interfaces/race_interfaces/msg/detail/autonomy_observation__rosidl_typesupport_introspection_cpp.hpp
[3.962s] -- Symlinking: /home/qor/urrc_hanla/.install/race_interfaces/include/race_interfaces/race_interfaces/msg/detail/path_state__rosidl_typesupport_introspection_cpp.hpp
[3.967s] -- Symlinking: /home/qor/urrc_hanla/.install/race_interfaces/share/race_interfaces/environment/pythonpath.sh
[3.971s] -- Symlinking: /home/qor/urrc_hanla/.install/race_interfaces/share/race_interfaces/environment/pythonpath.dsv
[3.976s] -- Symlinking: /home/qor/urrc_hanla/.install/race_interfaces/lib/python3.12/site-packages/race_interfaces-0.1.0-py3.12.egg-info/PKG-INFO
[3.981s] -- Symlinking: /home/qor/urrc_hanla/.install/race_interfaces/lib/python3.12/site-packages/race_interfaces-0.1.0-py3.12.egg-info/SOURCES.txt
[3.985s] -- Symlinking: /home/qor/urrc_hanla/.install/race_interfaces/lib/python3.12/site-packages/race_interfaces-0.1.0-py3.12.egg-info/dependency_links.txt
[3.991s] -- Symlinking: /home/qor/urrc_hanla/.install/race_interfaces/lib/python3.12/site-packages/race_interfaces-0.1.0-py3.12.egg-info/top_level.txt
[3.996s] -- Symlinking: /home/qor/urrc_hanla/.install/race_interfaces/lib/python3.12/site-packages/race_interfaces/__init__.py
[4.000s] -- Symlinking: /home/qor/urrc_hanla/.install/race_interfaces/lib/python3.12/site-packages/race_interfaces/_race_interfaces_s.ep.rosidl_typesupport_c.c
[4.005s] -- Symlinking: /home/qor/urrc_hanla/.install/race_interfaces/lib/python3.12/site-packages/race_interfaces/_race_interfaces_s.ep.rosidl_typesupport_fastrtps_c.c
[4.011s] -- Symlinking: /home/qor/urrc_hanla/.install/race_interfaces/lib/python3.12/site-packages/race_interfaces/_race_interfaces_s.ep.rosidl_typesupport_introspection_c.c
[4.015s] -- Symlinking: /home/qor/urrc_hanla/.install/race_interfaces/lib/python3.12/site-packages/race_interfaces/msg/__init__.py
[4.020s] -- Symlinking: /home/qor/urrc_hanla/.install/race_interfaces/lib/python3.12/site-packages/race_interfaces/msg/_autonomy_observation.py
[4.025s] -- Symlinking: /home/qor/urrc_hanla/.install/race_interfaces/lib/python3.12/site-packages/race_interfaces/msg/_autonomy_observation_s.c
[4.031s] -- Symlinking: /home/qor/urrc_hanla/.install/race_interfaces/lib/python3.12/site-packages/race_interfaces/msg/_path_state.py
[4.035s] -- Symlinking: /home/qor/urrc_hanla/.install/race_interfaces/lib/python3.12/site-packages/race_interfaces/msg/_path_state_s.c
[4.040s] -- Symlinking: /home/qor/urrc_hanla/.install/race_interfaces/lib/python3.12/site-packages/race_interfaces/race_interfaces_s__rosidl_typesupport_c.so
[4.045s] -- Symlinking: /home/qor/urrc_hanla/.install/race_interfaces/lib/python3.12/site-packages/race_interfaces/race_interfaces_s__rosidl_typesupport_fastrtps_c.so
[4.050s] -- Symlinking: /home/qor/urrc_hanla/.install/race_interfaces/lib/python3.12/site-packages/race_interfaces/race_interfaces_s__rosidl_typesupport_introspection_c.so
[4.055s] -- Up-to-date symlink: /home/qor/urrc_hanla/.install/race_interfaces/lib/python3.12/site-packages/race_interfaces/race_interfaces_s__rosidl_typesupport_fastrtps_c.so
[4.055s] -- Up-to-date symlink: /home/qor/urrc_hanla/.install/race_interfaces/lib/python3.12/site-packages/race_interfaces/race_interfaces_s__rosidl_typesupport_introspection_c.so
[4.055s] -- Up-to-date symlink: /home/qor/urrc_hanla/.install/race_interfaces/lib/python3.12/site-packages/race_interfaces/race_interfaces_s__rosidl_typesupport_c.so
[4.055s] -- Symlinking: /home/qor/urrc_hanla/.install/race_interfaces/share/ament_index/resource_index/rust_packages/race_interfaces
[4.060s] -- Symlinking: /home/qor/urrc_hanla/.install/race_interfaces/share/race_interfaces/rust/Cargo.toml
[4.065s] -- Symlinking: /home/qor/urrc_hanla/.install/race_interfaces/share/race_interfaces/rust/build.rs
[4.070s] -- Symlinking: /home/qor/urrc_hanla/.install/race_interfaces/share/race_interfaces/rust/src/lib.rs
[4.074s] -- Symlinking: /home/qor/urrc_hanla/.install/race_interfaces/share/race_interfaces/rust/src/msg.rs
[4.079s] -- Symlinking: /home/qor/urrc_hanla/.install/race_interfaces/share/race_interfaces/rust/src/msg/rmw.rs
[4.084s] -- Symlinking: /home/qor/urrc_hanla/.install/race_interfaces/share/race_interfaces/msg/AutonomyObservation.idl
[4.089s] -- Symlinking: /home/qor/urrc_hanla/.install/race_interfaces/share/race_interfaces/msg/PathState.idl
[4.094s] -- Symlinking: /home/qor/urrc_hanla/.install/race_interfaces/share/race_interfaces/msg/AutonomyObservation.msg
[4.099s] -- Symlinking: /home/qor/urrc_hanla/.install/race_interfaces/share/race_interfaces/msg/PathState.msg
[4.104s] -- Symlinking: /home/qor/urrc_hanla/.install/race_interfaces/share/ament_index/resource_index/package_run_dependencies/race_interfaces
[4.109s] -- Symlinking: /home/qor/urrc_hanla/.install/race_interfaces/share/ament_index/resource_index/parent_prefix_path/race_interfaces
[4.114s] -- Symlinking: /home/qor/urrc_hanla/.install/race_interfaces/share/race_interfaces/environment/ament_prefix_path.sh
[4.119s] -- Symlinking: /home/qor/urrc_hanla/.install/race_interfaces/share/race_interfaces/environment/ament_prefix_path.dsv
[4.124s] -- Symlinking: /home/qor/urrc_hanla/.install/race_interfaces/share/race_interfaces/environment/path.sh
[4.129s] -- Symlinking: /home/qor/urrc_hanla/.install/race_interfaces/share/race_interfaces/environment/path.dsv
[4.134s] -- Symlinking: /home/qor/urrc_hanla/.install/race_interfaces/share/race_interfaces/local_setup.bash
[4.139s] -- Symlinking: /home/qor/urrc_hanla/.install/race_interfaces/share/race_interfaces/local_setup.sh
[4.143s] -- Symlinking: /home/qor/urrc_hanla/.install/race_interfaces/share/race_interfaces/local_setup.zsh
[4.148s] -- Symlinking: /home/qor/urrc_hanla/.install/race_interfaces/share/race_interfaces/local_setup.dsv
[4.153s] -- Symlinking: /home/qor/urrc_hanla/.install/race_interfaces/share/race_interfaces/package.dsv
[4.157s] -- Symlinking: /home/qor/urrc_hanla/.install/race_interfaces/share/ament_index/resource_index/packages/race_interfaces
[4.162s] -- Symlinking: /home/qor/urrc_hanla/.install/race_interfaces/share/race_interfaces/cmake/rosidl_cmake-extras.cmake
[4.167s] -- Symlinking: /home/qor/urrc_hanla/.install/race_interfaces/share/race_interfaces/cmake/ament_cmake_export_dependencies-extras.cmake
[4.172s] -- Symlinking: /home/qor/urrc_hanla/.install/race_interfaces/share/race_interfaces/cmake/ament_cmake_export_include_directories-extras.cmake
[4.177s] -- Symlinking: /home/qor/urrc_hanla/.install/race_interfaces/share/race_interfaces/cmake/ament_cmake_export_libraries-extras.cmake
[4.182s] -- Symlinking: /home/qor/urrc_hanla/.install/race_interfaces/share/race_interfaces/cmake/ament_cmake_export_targets-extras.cmake
[4.187s] -- Symlinking: /home/qor/urrc_hanla/.install/race_interfaces/share/race_interfaces/cmake/rosidl_cmake_export_typesupport_targets-extras.cmake
[4.192s] -- Symlinking: /home/qor/urrc_hanla/.install/race_interfaces/share/race_interfaces/cmake/rosidl_cmake_export_typesupport_libraries-extras.cmake
[4.196s] -- Symlinking: /home/qor/urrc_hanla/.install/race_interfaces/share/race_interfaces/cmake/rosidl_cmake_aggregate_target-extras.cmake
[4.201s] -- Symlinking: /home/qor/urrc_hanla/.install/race_interfaces/share/race_interfaces/cmake/race_interfacesConfig.cmake
[4.207s] -- Symlinking: /home/qor/urrc_hanla/.install/race_interfaces/share/race_interfaces/cmake/race_interfacesConfig-version.cmake
[4.212s] -- Symlinking: /home/qor/urrc_hanla/.install/race_interfaces/share/race_interfaces/package.xml
[4.218s] -- Installing: /home/qor/urrc_hanla/.install/race_interfaces/lib/librace_interfaces__rosidl_generator_c.so
[4.218s] -- Set non-toolchain portion of runtime path of "/home/qor/urrc_hanla/.install/race_interfaces/lib/librace_interfaces__rosidl_generator_c.so" to ""
[4.218s] -- Installing: /home/qor/urrc_hanla/.install/race_interfaces/lib/librace_interfaces__rosidl_typesupport_fastrtps_c.so
[4.218s] -- Set non-toolchain portion of runtime path of "/home/qor/urrc_hanla/.install/race_interfaces/lib/librace_interfaces__rosidl_typesupport_fastrtps_c.so" to ""
[4.218s] -- Installing: /home/qor/urrc_hanla/.install/race_interfaces/lib/librace_interfaces__rosidl_typesupport_introspection_c.so
[4.219s] -- Set non-toolchain portion of runtime path of "/home/qor/urrc_hanla/.install/race_interfaces/lib/librace_interfaces__rosidl_typesupport_introspection_c.so" to ""
[4.219s] -- Installing: /home/qor/urrc_hanla/.install/race_interfaces/lib/librace_interfaces__rosidl_typesupport_c.so
[4.219s] -- Set non-toolchain portion of runtime path of "/home/qor/urrc_hanla/.install/race_interfaces/lib/librace_interfaces__rosidl_typesupport_c.so" to ""
[4.219s] -- Installing: /home/qor/urrc_hanla/.install/race_interfaces/lib/librace_interfaces__rosidl_typesupport_fastrtps_cpp.so
[4.219s] -- Set non-toolchain portion of runtime path of "/home/qor/urrc_hanla/.install/race_interfaces/lib/librace_interfaces__rosidl_typesupport_fastrtps_cpp.so" to ""
[4.219s] -- Installing: /home/qor/urrc_hanla/.install/race_interfaces/lib/librace_interfaces__rosidl_typesupport_introspection_cpp.so
[4.219s] -- Set non-toolchain portion of runtime path of "/home/qor/urrc_hanla/.install/race_interfaces/lib/librace_interfaces__rosidl_typesupport_introspection_cpp.so" to ""
[4.219s] -- Installing: /home/qor/urrc_hanla/.install/race_interfaces/lib/librace_interfaces__rosidl_typesupport_cpp.so
[4.219s] -- Set non-toolchain portion of runtime path of "/home/qor/urrc_hanla/.install/race_interfaces/lib/librace_interfaces__rosidl_typesupport_cpp.so" to ""
[4.245s] Listing '/home/qor/urrc_hanla/.install/race_interfaces/lib/python3.12/site-packages/race_interfaces'...
[4.245s] Compiling '/home/qor/urrc_hanla/.install/race_interfaces/lib/python3.12/site-packages/race_interfaces/__init__.py'...
[4.245s] Listing '/home/qor/urrc_hanla/.install/race_interfaces/lib/python3.12/site-packages/race_interfaces/msg'...
[4.245s] Compiling '/home/qor/urrc_hanla/.install/race_interfaces/lib/python3.12/site-packages/race_interfaces/msg/__init__.py'...
[4.245s] Compiling '/home/qor/urrc_hanla/.install/race_interfaces/lib/python3.12/site-packages/race_interfaces/msg/_autonomy_observation.py'...
[4.245s] Compiling '/home/qor/urrc_hanla/.install/race_interfaces/lib/python3.12/site-packages/race_interfaces/msg/_path_state.py'...
[4.248s] -- Installing: /home/qor/urrc_hanla/.install/race_interfaces/lib/librace_interfaces__rosidl_generator_py.so
[4.248s] -- Set non-toolchain portion of runtime path of "/home/qor/urrc_hanla/.install/race_interfaces/lib/librace_interfaces__rosidl_generator_py.so" to ""
[4.248s] -- Installing: /home/qor/urrc_hanla/.install/race_interfaces/share/race_interfaces/cmake/export_race_interfaces__rosidl_generator_cExport.cmake
[4.248s] -- Installing: /home/qor/urrc_hanla/.install/race_interfaces/share/race_interfaces/cmake/export_race_interfaces__rosidl_generator_cExport-noconfig.cmake
[4.248s] -- Installing: /home/qor/urrc_hanla/.install/race_interfaces/share/race_interfaces/cmake/export_race_interfaces__rosidl_typesupport_fastrtps_cExport.cmake
[4.248s] -- Installing: /home/qor/urrc_hanla/.install/race_interfaces/share/race_interfaces/cmake/export_race_interfaces__rosidl_typesupport_fastrtps_cExport-noconfig.cmake
[4.248s] -- Installing: /home/qor/urrc_hanla/.install/race_interfaces/share/race_interfaces/cmake/race_interfaces__rosidl_typesupport_introspection_cExport.cmake
[4.249s] -- Installing: /home/qor/urrc_hanla/.install/race_interfaces/share/race_interfaces/cmake/race_interfaces__rosidl_typesupport_introspection_cExport-noconfig.cmake
[4.249s] -- Installing: /home/qor/urrc_hanla/.install/race_interfaces/share/race_interfaces/cmake/race_interfaces__rosidl_typesupport_cExport.cmake
[4.249s] -- Installing: /home/qor/urrc_hanla/.install/race_interfaces/share/race_interfaces/cmake/race_interfaces__rosidl_typesupport_cExport-noconfig.cmake
[4.249s] -- Installing: /home/qor/urrc_hanla/.install/race_interfaces/share/race_interfaces/cmake/export_race_interfaces__rosidl_generator_cppExport.cmake
[4.249s] -- Installing: /home/qor/urrc_hanla/.install/race_interfaces/share/race_interfaces/cmake/export_race_interfaces__rosidl_typesupport_fastrtps_cppExport.cmake
[4.249s] -- Installing: /home/qor/urrc_hanla/.install/race_interfaces/share/race_interfaces/cmake/export_race_interfaces__rosidl_typesupport_fastrtps_cppExport-noconfig.cmake
[4.249s] -- Installing: /home/qor/urrc_hanla/.install/race_interfaces/share/race_interfaces/cmake/race_interfaces__rosidl_typesupport_introspection_cppExport.cmake
[4.249s] -- Installing: /home/qor/urrc_hanla/.install/race_interfaces/share/race_interfaces/cmake/race_interfaces__rosidl_typesupport_introspection_cppExport-noconfig.cmake
[4.249s] -- Installing: /home/qor/urrc_hanla/.install/race_interfaces/share/race_interfaces/cmake/race_interfaces__rosidl_typesupport_cppExport.cmake
[4.249s] -- Installing: /home/qor/urrc_hanla/.install/race_interfaces/share/race_interfaces/cmake/race_interfaces__rosidl_typesupport_cppExport-noconfig.cmake
[4.249s] -- Installing: /home/qor/urrc_hanla/.install/race_interfaces/share/race_interfaces/cmake/export_race_interfaces__rosidl_generator_pyExport.cmake
[4.249s] -- Installing: /home/qor/urrc_hanla/.install/race_interfaces/share/race_interfaces/cmake/export_race_interfaces__rosidl_generator_pyExport-noconfig.cmake
[4.251s] Invoked command in '/home/qor/urrc_hanla/.build/race_interfaces' returned '0': CMAKE_PREFIX_PATH=${CMAKE_PREFIX_PATH}:/home/qor/urrc_hanla/race_autonomy/ros2_ws/install/race_control:/home/qor/urrc_hanla/race_autonomy/ros2_ws/install/race_vehicle_interface:/home/qor/urrc_hanla/race_autonomy/ros2_ws/install/race_perception:/home/qor/urrc_hanla/race_autonomy/ros2_ws/install/imu_manager:/home/qor/urrc_hanla/race_autonomy/ros2_ws/install/camera_yolo_inference:/home/qor/urrc_hanla/race_autonomy/ros2_ws/install/camera_navigation:/home/qor/mcu_ws/install/mcu_serial_bridge:/opt/ros/jazzy DEBUGINFOD_URLS=https://debuginfod.ubuntu.com /usr/bin/cmake --install /home/qor/urrc_hanla/.build/race_interfaces
