-- The C compiler identification is GNU 13.3.0
-- The CXX compiler identification is GNU 13.3.0
-- Detecting C compiler ABI info
-- Detecting C compiler ABI info - done
-- Check for working C compiler: /usr/bin/cc - skipped
-- Detecting C compile features
-- Detecting C compile features - done
-- Detecting CXX compiler ABI info
-- Detecting CXX compiler ABI info - done
-- Check for working CXX compiler: /usr/bin/c++ - skipped
-- Detecting CXX compile features
-- Detecting CXX compile features - done
-- Found ament_cmake: 2.5.6 (/opt/ros/jazzy/share/ament_cmake/cmake)
-- Found Python3: /usr/bin/python3 (found version "3.12.3") found components: Interpreter 
-- Override CMake install command with custom implementation using symlinks instead of copying resources
-- Configuring done (0.5s)
-- Generating done (0.0s)
-- Build files have been written to: /home/qor/urrc_hanla/.build/camera_bringup
-- Install configuration: ""
-- Execute custom install script
-- Symlinking: /home/qor/urrc_hanla/.install/camera_bringup/share/camera_bringup/launch/d456_bringup.launch.py
-- Symlinking: /home/qor/urrc_hanla/.install/camera_bringup/share/camera_bringup/config/d456.yaml
-- Symlinking: /home/qor/urrc_hanla/.install/camera_bringup/share/camera_bringup/README.md
-- Symlinking: /home/qor/urrc_hanla/.install/camera_bringup/share/ament_index/resource_index/package_run_dependencies/camera_bringup
-- Symlinking: /home/qor/urrc_hanla/.install/camera_bringup/share/ament_index/resource_index/parent_prefix_path/camera_bringup
-- Symlinking: /home/qor/urrc_hanla/.install/camera_bringup/share/camera_bringup/environment/ament_prefix_path.sh
-- Symlinking: /home/qor/urrc_hanla/.install/camera_bringup/share/camera_bringup/environment/ament_prefix_path.dsv
-- Symlinking: /home/qor/urrc_hanla/.install/camera_bringup/share/camera_bringup/environment/path.sh
-- Symlinking: /home/qor/urrc_hanla/.install/camera_bringup/share/camera_bringup/environment/path.dsv
-- Symlinking: /home/qor/urrc_hanla/.install/camera_bringup/share/camera_bringup/local_setup.bash
-- Symlinking: /home/qor/urrc_hanla/.install/camera_bringup/share/camera_bringup/local_setup.sh
-- Symlinking: /home/qor/urrc_hanla/.install/camera_bringup/share/camera_bringup/local_setup.zsh
-- Symlinking: /home/qor/urrc_hanla/.install/camera_bringup/share/camera_bringup/local_setup.dsv
-- Symlinking: /home/qor/urrc_hanla/.install/camera_bringup/share/camera_bringup/package.dsv
-- Symlinking: /home/qor/urrc_hanla/.install/camera_bringup/share/ament_index/resource_index/packages/camera_bringup
-- Symlinking: /home/qor/urrc_hanla/.install/camera_bringup/share/camera_bringup/cmake/camera_bringupConfig.cmake
-- Symlinking: /home/qor/urrc_hanla/.install/camera_bringup/share/camera_bringup/cmake/camera_bringupConfig-version.cmake
-- Symlinking: /home/qor/urrc_hanla/.install/camera_bringup/share/camera_bringup/package.xml
