[0.378s] Invoking command in '/home/qor/urrc_hanla/.build/camera_bringup': CMAKE_PREFIX_PATH=${CMAKE_PREFIX_PATH}:/home/qor/urrc_hanla/race_autonomy/ros2_ws/install/race_control:/home/qor/urrc_hanla/race_autonomy/ros2_ws/install/race_vehicle_interface:/home/qor/urrc_hanla/race_autonomy/ros2_ws/install/race_perception:/home/qor/urrc_hanla/race_autonomy/ros2_ws/install/imu_manager:/home/qor/urrc_hanla/race_autonomy/ros2_ws/install/camera_yolo_inference:/home/qor/urrc_hanla/race_autonomy/ros2_ws/install/camera_navigation:/home/qor/mcu_ws/install/mcu_serial_bridge:/opt/ros/jazzy DEBUGINFOD_URLS=https://debuginfod.ubuntu.com /usr/bin/cmake /home/qor/urrc_hanla/race_autonomy/ros2_ws/src/camera_bringup -DAMENT_CMAKE_SYMLINK_INSTALL=1 -DCMAKE_INSTALL_PREFIX=/home/qor/urrc_hanla/.install/camera_bringup
[0.508s] -- The C compiler identification is GNU 13.3.0
[0.508s] -- The CXX compiler identification is GNU 13.3.0
[0.508s] -- Detecting C compiler ABI info
[0.640s] -- Detecting C compiler ABI info - done
[0.640s] -- Check for working C compiler: /usr/bin/cc - skipped
[0.640s] -- Detecting C compile features
[0.640s] -- Detecting C compile features - done
[0.640s] -- Detecting CXX compiler ABI info
[0.640s] -- Detecting CXX compiler ABI info - done
[0.640s] -- Check for working CXX compiler: /usr/bin/c++ - skipped
[0.640s] -- Detecting CXX compile features
[0.640s] -- Detecting CXX compile features - done
[0.640s] -- Found ament_cmake: 2.5.6 (/opt/ros/jazzy/share/ament_cmake/cmake)
[0.708s] -- Found Python3: /usr/bin/python3 (found version "3.12.3") found components: Interpreter 
[0.757s] -- Override CMake install command with custom implementation using symlinks instead of copying resources
[0.846s] -- Configuring done (0.5s)
[0.848s] -- Generating done (0.0s)
[0.848s] -- Build files have been written to: /home/qor/urrc_hanla/.build/camera_bringup
[0.852s] Invoked command in '/home/qor/urrc_hanla/.build/camera_bringup' returned '0': CMAKE_PREFIX_PATH=${CMAKE_PREFIX_PATH}:/home/qor/urrc_hanla/race_autonomy/ros2_ws/install/race_control:/home/qor/urrc_hanla/race_autonomy/ros2_ws/install/race_vehicle_interface:/home/qor/urrc_hanla/race_autonomy/ros2_ws/install/race_perception:/home/qor/urrc_hanla/race_autonomy/ros2_ws/install/imu_manager:/home/qor/urrc_hanla/race_autonomy/ros2_ws/install/camera_yolo_inference:/home/qor/urrc_hanla/race_autonomy/ros2_ws/install/camera_navigation:/home/qor/mcu_ws/install/mcu_serial_bridge:/opt/ros/jazzy DEBUGINFOD_URLS=https://debuginfod.ubuntu.com /usr/bin/cmake /home/qor/urrc_hanla/race_autonomy/ros2_ws/src/camera_bringup -DAMENT_CMAKE_SYMLINK_INSTALL=1 -DCMAKE_INSTALL_PREFIX=/home/qor/urrc_hanla/.install/camera_bringup
[0.852s] Invoking command in '/home/qor/urrc_hanla/.build/camera_bringup': CMAKE_PREFIX_PATH=${CMAKE_PREFIX_PATH}:/home/qor/urrc_hanla/race_autonomy/ros2_ws/install/race_control:/home/qor/urrc_hanla/race_autonomy/ros2_ws/install/race_vehicle_interface:/home/qor/urrc_hanla/race_autonomy/ros2_ws/install/race_perception:/home/qor/urrc_hanla/race_autonomy/ros2_ws/install/imu_manager:/home/qor/urrc_hanla/race_autonomy/ros2_ws/install/camera_yolo_inference:/home/qor/urrc_hanla/race_autonomy/ros2_ws/install/camera_navigation:/home/qor/mcu_ws/install/mcu_serial_bridge:/opt/ros/jazzy DEBUGINFOD_URLS=https://debuginfod.ubuntu.com /usr/bin/cmake --build /home/qor/urrc_hanla/.build/camera_bringup -- -j24 -l24
[0.880s] Invoked command in '/home/qor/urrc_hanla/.build/camera_bringup' returned '0': CMAKE_PREFIX_PATH=${CMAKE_PREFIX_PATH}:/home/qor/urrc_hanla/race_autonomy/ros2_ws/install/race_control:/home/qor/urrc_hanla/race_autonomy/ros2_ws/install/race_vehicle_interface:/home/qor/urrc_hanla/race_autonomy/ros2_ws/install/race_perception:/home/qor/urrc_hanla/race_autonomy/ros2_ws/install/imu_manager:/home/qor/urrc_hanla/race_autonomy/ros2_ws/install/camera_yolo_inference:/home/qor/urrc_hanla/race_autonomy/ros2_ws/install/camera_navigation:/home/qor/mcu_ws/install/mcu_serial_bridge:/opt/ros/jazzy DEBUGINFOD_URLS=https://debuginfod.ubuntu.com /usr/bin/cmake --build /home/qor/urrc_hanla/.build/camera_bringup -- -j24 -l24
[0.881s] Invoking command in '/home/qor/urrc_hanla/.build/camera_bringup': CMAKE_PREFIX_PATH=${CMAKE_PREFIX_PATH}:/home/qor/urrc_hanla/race_autonomy/ros2_ws/install/race_control:/home/qor/urrc_hanla/race_autonomy/ros2_ws/install/race_vehicle_interface:/home/qor/urrc_hanla/race_autonomy/ros2_ws/install/race_perception:/home/qor/urrc_hanla/race_autonomy/ros2_ws/install/imu_manager:/home/qor/urrc_hanla/race_autonomy/ros2_ws/install/camera_yolo_inference:/home/qor/urrc_hanla/race_autonomy/ros2_ws/install/camera_navigation:/home/qor/mcu_ws/install/mcu_serial_bridge:/opt/ros/jazzy DEBUGINFOD_URLS=https://debuginfod.ubuntu.com /usr/bin/cmake --install /home/qor/urrc_hanla/.build/camera_bringup
[0.887s] -- Install configuration: ""
[0.887s] -- Execute custom install script
[0.888s] -- Symlinking: /home/qor/urrc_hanla/.install/camera_bringup/share/camera_bringup/launch/d456_bringup.launch.py
[0.894s] -- Symlinking: /home/qor/urrc_hanla/.install/camera_bringup/share/camera_bringup/config/d456.yaml
[0.901s] -- Symlinking: /home/qor/urrc_hanla/.install/camera_bringup/share/camera_bringup/README.md
[0.907s] -- Symlinking: /home/qor/urrc_hanla/.install/camera_bringup/share/ament_index/resource_index/package_run_dependencies/camera_bringup
[0.914s] -- Symlinking: /home/qor/urrc_hanla/.install/camera_bringup/share/ament_index/resource_index/parent_prefix_path/camera_bringup
[0.921s] -- Symlinking: /home/qor/urrc_hanla/.install/camera_bringup/share/camera_bringup/environment/ament_prefix_path.sh
[0.929s] -- Symlinking: /home/qor/urrc_hanla/.install/camera_bringup/share/camera_bringup/environment/ament_prefix_path.dsv
[0.935s] -- Symlinking: /home/qor/urrc_hanla/.install/camera_bringup/share/camera_bringup/environment/path.sh
[0.941s] -- Symlinking: /home/qor/urrc_hanla/.install/camera_bringup/share/camera_bringup/environment/path.dsv
[0.948s] -- Symlinking: /home/qor/urrc_hanla/.install/camera_bringup/share/camera_bringup/local_setup.bash
[0.954s] -- Symlinking: /home/qor/urrc_hanla/.install/camera_bringup/share/camera_bringup/local_setup.sh
[0.961s] -- Symlinking: /home/qor/urrc_hanla/.install/camera_bringup/share/camera_bringup/local_setup.zsh
[0.967s] -- Symlinking: /home/qor/urrc_hanla/.install/camera_bringup/share/camera_bringup/local_setup.dsv
[0.973s] -- Symlinking: /home/qor/urrc_hanla/.install/camera_bringup/share/camera_bringup/package.dsv
[0.978s] -- Symlinking: /home/qor/urrc_hanla/.install/camera_bringup/share/ament_index/resource_index/packages/camera_bringup
[0.985s] -- Symlinking: /home/qor/urrc_hanla/.install/camera_bringup/share/camera_bringup/cmake/camera_bringupConfig.cmake
[0.990s] -- Symlinking: /home/qor/urrc_hanla/.install/camera_bringup/share/camera_bringup/cmake/camera_bringupConfig-version.cmake
[1.001s] -- Symlinking: /home/qor/urrc_hanla/.install/camera_bringup/share/camera_bringup/package.xml
[1.003s] Invoked command in '/home/qor/urrc_hanla/.build/camera_bringup' returned '0': CMAKE_PREFIX_PATH=${CMAKE_PREFIX_PATH}:/home/qor/urrc_hanla/race_autonomy/ros2_ws/install/race_control:/home/qor/urrc_hanla/race_autonomy/ros2_ws/install/race_vehicle_interface:/home/qor/urrc_hanla/race_autonomy/ros2_ws/install/race_perception:/home/qor/urrc_hanla/race_autonomy/ros2_ws/install/imu_manager:/home/qor/urrc_hanla/race_autonomy/ros2_ws/install/camera_yolo_inference:/home/qor/urrc_hanla/race_autonomy/ros2_ws/install/camera_navigation:/home/qor/mcu_ws/install/mcu_serial_bridge:/opt/ros/jazzy DEBUGINFOD_URLS=https://debuginfod.ubuntu.com /usr/bin/cmake --install /home/qor/urrc_hanla/.build/camera_bringup
